[2024-10-28T20:37:27.734+0000] {local_task_job_runner.py:123} INFO - ::group::Pre task execution logs
[2024-10-28T20:37:27.756+0000] {taskinstance.py:2612} INFO - Dependencies all met for dep_context=non-requeueable deps ti=<TaskInstance: nba_data_pipeline.run_data_processing manual__2024-10-28T20:33:21.462525+00:00 [queued]>
[2024-10-28T20:37:27.767+0000] {taskinstance.py:2612} INFO - Dependencies all met for dep_context=requeueable deps ti=<TaskInstance: nba_data_pipeline.run_data_processing manual__2024-10-28T20:33:21.462525+00:00 [queued]>
[2024-10-28T20:37:27.767+0000] {taskinstance.py:2865} INFO - Starting attempt 1 of 4
[2024-10-28T20:37:27.783+0000] {taskinstance.py:2888} INFO - Executing <Task(DockerOperator): run_data_processing> on 2024-10-28 20:33:21.462525+00:00
[2024-10-28T20:37:27.792+0000] {standard_task_runner.py:104} INFO - Running: ['airflow', 'tasks', 'run', 'nba_data_pipeline', 'run_data_processing', 'manual__2024-10-28T20:33:21.462525+00:00', '--job-id', '5', '--raw', '--subdir', 'DAGS_FOLDER/nba_data_pipeline.py', '--cfg-path', '/tmp/tmpuj0pdbid']
[2024-10-28T20:37:27.795+0000] {standard_task_runner.py:105} INFO - Job 5: Subtask run_data_processing
[2024-10-28T20:37:27.797+0000] {logging_mixin.py:190} WARNING - /home/airflow/.local/lib/python3.12/site-packages/airflow/task/task_runner/standard_task_runner.py:70 DeprecationWarning: This process (pid=364) is multi-threaded, use of fork() may lead to deadlocks in the child.
[2024-10-28T20:37:27.798+0000] {standard_task_runner.py:72} INFO - Started process 365 to run task
[2024-10-28T20:37:27.852+0000] {task_command.py:467} INFO - Running <TaskInstance: nba_data_pipeline.run_data_processing manual__2024-10-28T20:33:21.462525+00:00 [running]> on host 0d2c6c54d649
[2024-10-28T20:37:27.953+0000] {taskinstance.py:3131} INFO - Exporting env vars: AIRFLOW_CTX_DAG_OWNER='airflow' AIRFLOW_CTX_DAG_ID='nba_data_pipeline' AIRFLOW_CTX_TASK_ID='run_data_processing' AIRFLOW_CTX_EXECUTION_DATE='2024-10-28T20:33:21.462525+00:00' AIRFLOW_CTX_TRY_NUMBER='1' AIRFLOW_CTX_DAG_RUN_ID='manual__2024-10-28T20:33:21.462525+00:00'
[2024-10-28T20:37:27.955+0000] {taskinstance.py:731} INFO - ::endgroup::
[2024-10-28T20:37:27.993+0000] {docker.py:367} INFO - Starting docker container from image us-west1-docker.pkg.dev/nba-fantasy-ml/nba-data-pipeline-repo/data-processing:latest
[2024-10-28T20:37:29.162+0000] {docker.py:438} INFO - 2024-10-28 20:37:29,160 - INFO - Starting data processing...
[2024-10-28T20:37:29.165+0000] {docker.py:438} INFO - 2024-10-28 20:37:29,164 - INFO - Database connected.
[2024-10-28T20:37:29.166+0000] {docker.py:438} INFO - 2024-10-28 20:37:29,164 - INFO - Cleaning and preprocessing data...
[2024-10-28T20:37:29.227+0000] {docker.py:438} INFO - 2024-10-28 20:37:29,226 - INFO - Validation passed.
[2024-10-28T20:37:29.228+0000] {docker.py:438} INFO - 2024-10-28 20:37:29,226 - INFO - Assigning unique IDs for players and games...
[2024-10-28T20:37:29.347+0000] {docker.py:438} INFO - 2024-10-28 20:37:29,346 - INFO - Inserting player stats into database...
[2024-10-28T20:37:29.666+0000] {docker.py:438} INFO - 2024-10-28 20:37:29,664 - INFO - Data processing completed successfully.
[2024-10-28T20:37:29.667+0000] {docker.py:438} INFO - 2024-10-28 20:37:29,664 - INFO - Database connection closed.
[2024-10-28T20:37:29.667+0000] {docker.py:438} INFO - 2024-10-28 20:37:29,665 - INFO - Successfully processed player_box_scores/2024-25/nba_player_stats_2024-25_2024-10-22_to_2024-10-31_2024-10-28_20-37-26.csv
[2024-10-28T20:37:29.907+0000] {taskinstance.py:340} INFO - ::group::Post task execution logs
[2024-10-28T20:37:29.908+0000] {taskinstance.py:352} INFO - Marking task as SUCCESS. dag_id=nba_data_pipeline, task_id=run_data_processing, run_id=manual__2024-10-28T20:33:21.462525+00:00, execution_date=20241028T203321, start_date=20241028T203727, end_date=20241028T203729
[2024-10-28T20:37:29.950+0000] {local_task_job_runner.py:266} INFO - Task exited with return code 0
[2024-10-28T20:37:29.972+0000] {taskinstance.py:3900} INFO - 0 downstream tasks scheduled from follow-on schedule check
[2024-10-28T20:37:29.974+0000] {local_task_job_runner.py:245} INFO - ::endgroup::
