[2024-10-28T19:08:15.038+0000] {local_task_job_runner.py:123} INFO - ::group::Pre task execution logs
[2024-10-28T19:08:15.064+0000] {taskinstance.py:2612} INFO - Dependencies all met for dep_context=non-requeueable deps ti=<TaskInstance: nba_data_pipeline.run_data_ingestion manual__2024-10-28T19:08:14.233380+00:00 [queued]>
[2024-10-28T19:08:15.077+0000] {taskinstance.py:2612} INFO - Dependencies all met for dep_context=requeueable deps ti=<TaskInstance: nba_data_pipeline.run_data_ingestion manual__2024-10-28T19:08:14.233380+00:00 [queued]>
[2024-10-28T19:08:15.080+0000] {taskinstance.py:2865} INFO - Starting attempt 1 of 4
[2024-10-28T19:08:15.103+0000] {taskinstance.py:2888} INFO - Executing <Task(DockerOperator): run_data_ingestion> on 2024-10-28 19:08:14.233380+00:00
[2024-10-28T19:08:15.117+0000] {standard_task_runner.py:104} INFO - Running: ['airflow', 'tasks', 'run', 'nba_data_pipeline', 'run_data_ingestion', 'manual__2024-10-28T19:08:14.233380+00:00', '--job-id', '5', '--raw', '--subdir', 'DAGS_FOLDER/nba_data_pipeline.py', '--cfg-path', '/tmp/tmp8_51di3y']
[2024-10-28T19:08:15.124+0000] {standard_task_runner.py:105} INFO - Job 5: Subtask run_data_ingestion
[2024-10-28T19:08:15.128+0000] {logging_mixin.py:190} WARNING - /home/airflow/.local/lib/python3.12/site-packages/airflow/task/task_runner/standard_task_runner.py:70 DeprecationWarning: This process (pid=334) is multi-threaded, use of fork() may lead to deadlocks in the child.
[2024-10-28T19:08:15.130+0000] {standard_task_runner.py:72} INFO - Started process 335 to run task
[2024-10-28T19:08:15.228+0000] {task_command.py:467} INFO - Running <TaskInstance: nba_data_pipeline.run_data_ingestion manual__2024-10-28T19:08:14.233380+00:00 [running]> on host 0cda2f100f4b
[2024-10-28T19:08:15.359+0000] {taskinstance.py:3131} INFO - Exporting env vars: AIRFLOW_CTX_DAG_OWNER='airflow' AIRFLOW_CTX_DAG_ID='nba_data_pipeline' AIRFLOW_CTX_TASK_ID='run_data_ingestion' AIRFLOW_CTX_EXECUTION_DATE='2024-10-28T19:08:14.233380+00:00' AIRFLOW_CTX_TRY_NUMBER='1' AIRFLOW_CTX_DAG_RUN_ID='manual__2024-10-28T19:08:14.233380+00:00'
[2024-10-28T19:08:15.360+0000] {taskinstance.py:731} INFO - ::endgroup::
[2024-10-28T19:08:15.399+0000] {docker.py:367} INFO - Starting docker container from image us-west1-docker.pkg.dev/nba-fantasy-ml/nba-data-pipeline-repo/data-ingestion:latest
[2024-10-28T19:09:41.812+0000] {docker.py:438} INFO - Processing batch 1/1
[2024-10-28T19:09:41.812+0000] {docker.py:438} INFO - Scraping box score: https://www.basketball-reference.com/boxscores/202310240DEN.html for game date 2023-10-24
[2024-10-28T19:09:41.813+0000] {docker.py:438} INFO - Scraping box score: https://www.basketball-reference.com/boxscores/202310240GSW.html for game date 2023-10-24
[2024-10-28T19:09:41.813+0000] {docker.py:438} INFO - Scraping box score: https://www.basketball-reference.com/boxscores/202310250ORL.html for game date 2023-10-25
[2024-10-28T19:09:41.814+0000] {docker.py:438} INFO - Scraping box score: https://www.basketball-reference.com/boxscores/202310250NYK.html for game date 2023-10-25
[2024-10-28T19:09:41.814+0000] {docker.py:438} INFO - Scraping box score: https://www.basketball-reference.com/boxscores/202310250IND.html for game date 2023-10-25
[2024-10-28T19:09:41.815+0000] {docker.py:438} INFO - Scraping box score: https://www.basketball-reference.com/boxscores/202310250CHO.html for game date 2023-10-25
[2024-10-28T19:09:41.815+0000] {docker.py:438} INFO - Scraping box score: https://www.basketball-reference.com/boxscores/202310250MIA.html for game date 2023-10-25
[2024-10-28T19:09:41.815+0000] {docker.py:438} INFO - Scraping box score: https://www.basketball-reference.com/boxscores/202310250TOR.html for game date 2023-10-25
[2024-10-28T19:09:41.816+0000] {docker.py:438} INFO - Scraping box score: https://www.basketball-reference.com/boxscores/202310250BRK.html for game date 2023-10-25
[2024-10-28T19:09:41.816+0000] {docker.py:438} INFO - Scraping box score: https://www.basketball-reference.com/boxscores/202310250MEM.html for game date 2023-10-25
[2024-10-28T19:09:41.817+0000] {docker.py:438} INFO - Skipping incomplete data for ja morant
[2024-10-28T19:09:41.817+0000] {docker.py:438} INFO - Scraping box score: https://www.basketball-reference.com/boxscores/202310250CHI.html for game date 2023-10-25
[2024-10-28T19:09:41.817+0000] {docker.py:438} INFO - Scraping box score: https://www.basketball-reference.com/boxscores/202310250UTA.html for game date 2023-10-25
[2024-10-28T19:09:41.818+0000] {docker.py:438} INFO - Scraping box score: https://www.basketball-reference.com/boxscores/202310250SAS.html for game date 2023-10-25
[2024-10-28T19:09:41.818+0000] {docker.py:438} INFO - Skipping incomplete data for devonte' graham
[2024-10-28T19:09:41.819+0000] {docker.py:438} INFO - Scraping box score: https://www.basketball-reference.com/boxscores/202310250LAC.html for game date 2023-10-25
[2024-10-28T19:09:41.819+0000] {docker.py:438} INFO - File player_box_scores/2023-24/nba_player_stats_2023-24_2023-10-24_to_2023-10-25_2024-10-28_19-09-41.csv successfully uploaded to bucket nba-raw-data
[2024-10-28T19:09:41.820+0000] {docker.py:438} INFO - 2024-10-28 19:09:41,810 - INFO - Data successfully uploaded to MinIO bucket 'nba-raw-data' as 'player_box_scores/2023-24/nba_player_stats_2023-24_2023-10-24_to_2023-10-25_2024-10-28_19-09-41.csv'
[2024-10-28T19:09:42.133+0000] {taskinstance.py:340} INFO - ::group::Post task execution logs
[2024-10-28T19:09:42.134+0000] {taskinstance.py:352} INFO - Marking task as SUCCESS. dag_id=nba_data_pipeline, task_id=run_data_ingestion, run_id=manual__2024-10-28T19:08:14.233380+00:00, execution_date=20241028T190814, start_date=20241028T190815, end_date=20241028T190942
[2024-10-28T19:09:42.154+0000] {local_task_job_runner.py:266} INFO - Task exited with return code 0
[2024-10-28T19:09:42.181+0000] {taskinstance.py:3900} INFO - 1 downstream tasks scheduled from follow-on schedule check
[2024-10-28T19:09:42.182+0000] {local_task_job_runner.py:245} INFO - ::endgroup::
