[2024-10-28T20:07:28.505+0000] {local_task_job_runner.py:123} INFO - ::group::Pre task execution logs
[2024-10-28T20:07:28.524+0000] {taskinstance.py:2612} INFO - Dependencies all met for dep_context=non-requeueable deps ti=<TaskInstance: nba_data_pipeline.run_data_processing manual__2024-10-28T20:06:03.551864+00:00 [queued]>
[2024-10-28T20:07:28.534+0000] {taskinstance.py:2612} INFO - Dependencies all met for dep_context=requeueable deps ti=<TaskInstance: nba_data_pipeline.run_data_processing manual__2024-10-28T20:06:03.551864+00:00 [queued]>
[2024-10-28T20:07:28.535+0000] {taskinstance.py:2865} INFO - Starting attempt 1 of 4
[2024-10-28T20:07:28.549+0000] {taskinstance.py:2888} INFO - Executing <Task(DockerOperator): run_data_processing> on 2024-10-28 20:06:03.551864+00:00
[2024-10-28T20:07:28.556+0000] {standard_task_runner.py:104} INFO - Running: ['airflow', 'tasks', 'run', 'nba_data_pipeline', 'run_data_processing', 'manual__2024-10-28T20:06:03.551864+00:00', '--job-id', '5', '--raw', '--subdir', 'DAGS_FOLDER/nba_data_pipeline.py', '--cfg-path', '/tmp/tmpamz34n_0']
[2024-10-28T20:07:28.559+0000] {standard_task_runner.py:105} INFO - Job 5: Subtask run_data_processing
[2024-10-28T20:07:28.561+0000] {logging_mixin.py:190} WARNING - /home/airflow/.local/lib/python3.12/site-packages/airflow/task/task_runner/standard_task_runner.py:70 DeprecationWarning: This process (pid=269) is multi-threaded, use of fork() may lead to deadlocks in the child.
[2024-10-28T20:07:28.561+0000] {standard_task_runner.py:72} INFO - Started process 270 to run task
[2024-10-28T20:07:28.608+0000] {task_command.py:467} INFO - Running <TaskInstance: nba_data_pipeline.run_data_processing manual__2024-10-28T20:06:03.551864+00:00 [running]> on host 04c11e411f10
[2024-10-28T20:07:28.718+0000] {taskinstance.py:3131} INFO - Exporting env vars: AIRFLOW_CTX_DAG_OWNER='airflow' AIRFLOW_CTX_DAG_ID='nba_data_pipeline' AIRFLOW_CTX_TASK_ID='run_data_processing' AIRFLOW_CTX_EXECUTION_DATE='2024-10-28T20:06:03.551864+00:00' AIRFLOW_CTX_TRY_NUMBER='1' AIRFLOW_CTX_DAG_RUN_ID='manual__2024-10-28T20:06:03.551864+00:00'
[2024-10-28T20:07:28.719+0000] {taskinstance.py:731} INFO - ::endgroup::
[2024-10-28T20:07:28.755+0000] {docker.py:367} INFO - Starting docker container from image us-west1-docker.pkg.dev/nba-fantasy-ml/nba-data-pipeline-repo/data-processing:latest
[2024-10-28T20:07:29.555+0000] {docker.py:438} INFO - 2024-10-28 20:07:29,553 - INFO - Starting data processing...
[2024-10-28T20:07:29.559+0000] {docker.py:438} INFO - 2024-10-28 20:07:29,558 - INFO - Database connected.
[2024-10-28T20:07:29.559+0000] {docker.py:438} INFO - 2024-10-28 20:07:29,558 - INFO - Cleaning and preprocessing data...
[2024-10-28T20:07:29.597+0000] {docker.py:438} INFO - 2024-10-28 20:07:29,595 - INFO - Validation passed.
[2024-10-28T20:07:29.597+0000] {docker.py:438} INFO - 2024-10-28 20:07:29,595 - INFO - Assigning unique IDs for players and games...
[2024-10-28T20:07:29.677+0000] {docker.py:438} INFO - 2024-10-28 20:07:29,676 - INFO - Inserting player stats into database...
[2024-10-28T20:07:29.774+0000] {docker.py:438} INFO - 2024-10-28 20:07:29,769 - INFO - Data processing completed successfully.
[2024-10-28T20:07:29.775+0000] {docker.py:438} INFO - 2024-10-28 20:07:29,769 - INFO - Database connection closed.
[2024-10-28T20:07:29.775+0000] {docker.py:438} INFO - 2024-10-28 20:07:29,770 - INFO - Successfully processed player_box_scores/2023-24/nba_player_stats_2023-24_2023-10-24_to_2023-10-25_2024-10-28_20-07-27.csv
[2024-10-28T20:07:29.976+0000] {taskinstance.py:340} INFO - ::group::Post task execution logs
[2024-10-28T20:07:29.976+0000] {taskinstance.py:352} INFO - Marking task as SUCCESS. dag_id=nba_data_pipeline, task_id=run_data_processing, run_id=manual__2024-10-28T20:06:03.551864+00:00, execution_date=20241028T200603, start_date=20241028T200728, end_date=20241028T200729
[2024-10-28T20:07:30.017+0000] {local_task_job_runner.py:266} INFO - Task exited with return code 0
[2024-10-28T20:07:30.038+0000] {taskinstance.py:3900} INFO - 0 downstream tasks scheduled from follow-on schedule check
[2024-10-28T20:07:30.040+0000] {local_task_job_runner.py:245} INFO - ::endgroup::
