[2024-10-28T19:04:03.615+0000] {local_task_job_runner.py:123} INFO - ::group::Pre task execution logs
[2024-10-28T19:04:03.638+0000] {taskinstance.py:2612} INFO - Dependencies all met for dep_context=non-requeueable deps ti=<TaskInstance: nba_data_pipeline.run_data_processing scheduled__2024-10-27T00:00:00+00:00 [queued]>
[2024-10-28T19:04:03.649+0000] {taskinstance.py:2612} INFO - Dependencies all met for dep_context=requeueable deps ti=<TaskInstance: nba_data_pipeline.run_data_processing scheduled__2024-10-27T00:00:00+00:00 [queued]>
[2024-10-28T19:04:03.650+0000] {taskinstance.py:2865} INFO - Starting attempt 1 of 4
[2024-10-28T19:04:03.667+0000] {taskinstance.py:2888} INFO - Executing <Task(DockerOperator): run_data_processing> on 2024-10-27 00:00:00+00:00
[2024-10-28T19:04:03.675+0000] {standard_task_runner.py:104} INFO - Running: ['airflow', 'tasks', 'run', 'nba_data_pipeline', 'run_data_processing', 'scheduled__2024-10-27T00:00:00+00:00', '--job-id', '3', '--raw', '--subdir', 'DAGS_FOLDER/nba_data_pipeline.py', '--cfg-path', '/tmp/tmpyey9c2s1']
[2024-10-28T19:04:03.679+0000] {standard_task_runner.py:105} INFO - Job 3: Subtask run_data_processing
[2024-10-28T19:04:03.680+0000] {logging_mixin.py:190} WARNING - /home/airflow/.local/lib/python3.12/site-packages/airflow/task/task_runner/standard_task_runner.py:70 DeprecationWarning: This process (pid=283) is multi-threaded, use of fork() may lead to deadlocks in the child.
[2024-10-28T19:04:03.683+0000] {standard_task_runner.py:72} INFO - Started process 284 to run task
[2024-10-28T19:04:03.742+0000] {task_command.py:467} INFO - Running <TaskInstance: nba_data_pipeline.run_data_processing scheduled__2024-10-27T00:00:00+00:00 [running]> on host 0cda2f100f4b
[2024-10-28T19:04:03.859+0000] {taskinstance.py:3131} INFO - Exporting env vars: AIRFLOW_CTX_DAG_OWNER='airflow' AIRFLOW_CTX_DAG_ID='nba_data_pipeline' AIRFLOW_CTX_TASK_ID='run_data_processing' AIRFLOW_CTX_EXECUTION_DATE='2024-10-27T00:00:00+00:00' AIRFLOW_CTX_TRY_NUMBER='1' AIRFLOW_CTX_DAG_RUN_ID='scheduled__2024-10-27T00:00:00+00:00'
[2024-10-28T19:04:03.860+0000] {taskinstance.py:731} INFO - ::endgroup::
[2024-10-28T19:04:03.902+0000] {docker.py:367} INFO - Starting docker container from image us-west1-docker.pkg.dev/nba-fantasy-ml/nba-data-pipeline-repo/data-processing:latest
[2024-10-28T19:04:05.186+0000] {docker.py:438} INFO - 2024-10-28 19:04:05,185 - INFO - Starting data processing...
[2024-10-28T19:04:05.190+0000] {docker.py:438} INFO - 2024-10-28 19:04:05,189 - INFO - Database connected.
[2024-10-28T19:04:05.191+0000] {docker.py:438} INFO - 2024-10-28 19:04:05,189 - INFO - Cleaning and preprocessing data...
[2024-10-28T19:04:05.234+0000] {docker.py:438} INFO - 2024-10-28 19:04:05,233 - INFO - Validation passed.
[2024-10-28T19:04:05.235+0000] {docker.py:438} INFO - 2024-10-28 19:04:05,233 - INFO - Assigning unique IDs for players and games...
[2024-10-28T19:04:05.406+0000] {docker.py:438} INFO - 2024-10-28 19:04:05,405 - INFO - Inserting player stats into database...
[2024-10-28T19:04:05.415+0000] {docker.py:438} INFO - 2024-10-28 19:04:05,414 - ERROR - Error processing raw data: duplicate key value violates unique constraint "playerstats_pkey"
[2024-10-28T19:04:05.416+0000] {docker.py:438} INFO - DETAIL:  Key (game_id, player_id)=(ffdecbe4171e4829937e63a32f0d0dad, 1) already exists.
[2024-10-28T19:04:05.417+0000] {docker.py:438} INFO - 2024-10-28 19:04:05,414 - INFO - Database connection closed.
[2024-10-28T19:04:05.418+0000] {docker.py:438} INFO - 2024-10-28 19:04:05,414 - ERROR - Data processing failed.
[2024-10-28T19:04:05.614+0000] {taskinstance.py:3310} ERROR - Task failed with exception
Traceback (most recent call last):
  File "/home/airflow/.local/lib/python3.12/site-packages/airflow/models/taskinstance.py", line 767, in _execute_task
    result = _execute_callable(context=context, **execute_callable_kwargs)
             ^^^^^^^^^^^^^^^^^^^^^^^^^^^^^^^^^^^^^^^^^^^^^^^^^^^^^^^^^^^^^
  File "/home/airflow/.local/lib/python3.12/site-packages/airflow/models/taskinstance.py", line 733, in _execute_callable
    return ExecutionCallableRunner(
           ^^^^^^^^^^^^^^^^^^^^^^^^
  File "/home/airflow/.local/lib/python3.12/site-packages/airflow/utils/operator_helpers.py", line 252, in run
    return self.func(*args, **kwargs)
           ^^^^^^^^^^^^^^^^^^^^^^^^^^
  File "/home/airflow/.local/lib/python3.12/site-packages/airflow/models/baseoperator.py", line 406, in wrapper
    return func(self, *args, **kwargs)
           ^^^^^^^^^^^^^^^^^^^^^^^^^^^
  File "/home/airflow/.local/lib/python3.12/site-packages/airflow/providers/docker/operators/docker.py", line 513, in execute
    return self._run_image()
           ^^^^^^^^^^^^^^^^^
  File "/home/airflow/.local/lib/python3.12/site-packages/airflow/providers/docker/operators/docker.py", line 384, in _run_image
    return self._run_image_with_mounts(self.mounts, add_tmp_variable=False)
           ^^^^^^^^^^^^^^^^^^^^^^^^^^^^^^^^^^^^^^^^^^^^^^^^^^^^^^^^^^^^^^^^
  File "/home/airflow/.local/lib/python3.12/site-packages/airflow/providers/docker/operators/docker.py", line 446, in _run_image_with_mounts
    raise DockerContainerFailedException(f"Docker container failed: {result!r}", logs=log_lines)
airflow.providers.docker.exceptions.DockerContainerFailedException: Docker container failed: {'StatusCode': 1}
[2024-10-28T19:04:05.626+0000] {taskinstance.py:1225} INFO - Marking task as UP_FOR_RETRY. dag_id=nba_data_pipeline, task_id=run_data_processing, run_id=scheduled__2024-10-27T00:00:00+00:00, execution_date=20241027T000000, start_date=20241028T190403, end_date=20241028T190405
[2024-10-28T19:04:05.645+0000] {taskinstance.py:340} INFO - ::group::Post task execution logs
[2024-10-28T19:04:05.646+0000] {standard_task_runner.py:124} ERROR - Failed to execute job 3 for task run_data_processing (Docker container failed: {'StatusCode': 1}; 284)
Traceback (most recent call last):
  File "/home/airflow/.local/lib/python3.12/site-packages/airflow/task/task_runner/standard_task_runner.py", line 117, in _start_by_fork
    ret = args.func(args, dag=self.dag)
          ^^^^^^^^^^^^^^^^^^^^^^^^^^^^^
  File "/home/airflow/.local/lib/python3.12/site-packages/airflow/cli/cli_config.py", line 49, in command
    return func(*args, **kwargs)
           ^^^^^^^^^^^^^^^^^^^^^
  File "/home/airflow/.local/lib/python3.12/site-packages/airflow/utils/cli.py", line 115, in wrapper
    return f(*args, **kwargs)
           ^^^^^^^^^^^^^^^^^^
  File "/home/airflow/.local/lib/python3.12/site-packages/airflow/cli/commands/task_command.py", line 483, in task_run
    task_return_code = _run_task_by_selected_method(args, _dag, ti)
                       ^^^^^^^^^^^^^^^^^^^^^^^^^^^^^^^^^^^^^^^^^^^^
  File "/home/airflow/.local/lib/python3.12/site-packages/airflow/cli/commands/task_command.py", line 256, in _run_task_by_selected_method
    return _run_raw_task(args, ti)
           ^^^^^^^^^^^^^^^^^^^^^^^
  File "/home/airflow/.local/lib/python3.12/site-packages/airflow/cli/commands/task_command.py", line 341, in _run_raw_task
    return ti._run_raw_task(
           ^^^^^^^^^^^^^^^^^
  File "/home/airflow/.local/lib/python3.12/site-packages/airflow/utils/session.py", line 97, in wrapper
    return func(*args, session=session, **kwargs)
           ^^^^^^^^^^^^^^^^^^^^^^^^^^^^^^^^^^^^^^
  File "/home/airflow/.local/lib/python3.12/site-packages/airflow/models/taskinstance.py", line 3004, in _run_raw_task
    return _run_raw_task(
           ^^^^^^^^^^^^^^
  File "/home/airflow/.local/lib/python3.12/site-packages/airflow/models/taskinstance.py", line 273, in _run_raw_task
    TaskInstance._execute_task_with_callbacks(
  File "/home/airflow/.local/lib/python3.12/site-packages/airflow/models/taskinstance.py", line 3158, in _execute_task_with_callbacks
    result = self._execute_task(context, task_orig)
             ^^^^^^^^^^^^^^^^^^^^^^^^^^^^^^^^^^^^^^
  File "/home/airflow/.local/lib/python3.12/site-packages/airflow/models/taskinstance.py", line 3182, in _execute_task
    return _execute_task(self, context, task_orig)
           ^^^^^^^^^^^^^^^^^^^^^^^^^^^^^^^^^^^^^^^
  File "/home/airflow/.local/lib/python3.12/site-packages/airflow/models/taskinstance.py", line 767, in _execute_task
    result = _execute_callable(context=context, **execute_callable_kwargs)
             ^^^^^^^^^^^^^^^^^^^^^^^^^^^^^^^^^^^^^^^^^^^^^^^^^^^^^^^^^^^^^
  File "/home/airflow/.local/lib/python3.12/site-packages/airflow/models/taskinstance.py", line 733, in _execute_callable
    return ExecutionCallableRunner(
           ^^^^^^^^^^^^^^^^^^^^^^^^
  File "/home/airflow/.local/lib/python3.12/site-packages/airflow/utils/operator_helpers.py", line 252, in run
    return self.func(*args, **kwargs)
           ^^^^^^^^^^^^^^^^^^^^^^^^^^
  File "/home/airflow/.local/lib/python3.12/site-packages/airflow/models/baseoperator.py", line 406, in wrapper
    return func(self, *args, **kwargs)
           ^^^^^^^^^^^^^^^^^^^^^^^^^^^
  File "/home/airflow/.local/lib/python3.12/site-packages/airflow/providers/docker/operators/docker.py", line 513, in execute
    return self._run_image()
           ^^^^^^^^^^^^^^^^^
  File "/home/airflow/.local/lib/python3.12/site-packages/airflow/providers/docker/operators/docker.py", line 384, in _run_image
    return self._run_image_with_mounts(self.mounts, add_tmp_variable=False)
           ^^^^^^^^^^^^^^^^^^^^^^^^^^^^^^^^^^^^^^^^^^^^^^^^^^^^^^^^^^^^^^^^
  File "/home/airflow/.local/lib/python3.12/site-packages/airflow/providers/docker/operators/docker.py", line 446, in _run_image_with_mounts
    raise DockerContainerFailedException(f"Docker container failed: {result!r}", logs=log_lines)
airflow.providers.docker.exceptions.DockerContainerFailedException: Docker container failed: {'StatusCode': 1}
[2024-10-28T19:04:05.673+0000] {local_task_job_runner.py:266} INFO - Task exited with return code 1
[2024-10-28T19:04:05.693+0000] {taskinstance.py:3900} INFO - 0 downstream tasks scheduled from follow-on schedule check
[2024-10-28T19:04:05.695+0000] {local_task_job_runner.py:245} INFO - ::endgroup::
[2024-10-28T19:28:08.534+0000] {local_task_job_runner.py:123} INFO - ::group::Pre task execution logs
[2024-10-28T19:28:08.562+0000] {taskinstance.py:2612} INFO - Dependencies all met for dep_context=non-requeueable deps ti=<TaskInstance: nba_data_pipeline.run_data_processing scheduled__2024-10-27T00:00:00+00:00 [queued]>
[2024-10-28T19:28:08.578+0000] {taskinstance.py:2612} INFO - Dependencies all met for dep_context=requeueable deps ti=<TaskInstance: nba_data_pipeline.run_data_processing scheduled__2024-10-27T00:00:00+00:00 [queued]>
[2024-10-28T19:28:08.578+0000] {taskinstance.py:2865} INFO - Starting attempt 1 of 4
[2024-10-28T19:28:08.597+0000] {taskinstance.py:2888} INFO - Executing <Task(DockerOperator): run_data_processing> on 2024-10-27 00:00:00+00:00
[2024-10-28T19:28:08.605+0000] {standard_task_runner.py:104} INFO - Running: ['airflow', 'tasks', 'run', 'nba_data_pipeline', 'run_data_processing', 'scheduled__2024-10-27T00:00:00+00:00', '--job-id', '5', '--raw', '--subdir', 'DAGS_FOLDER/nba_data_pipeline.py', '--cfg-path', '/tmp/tmpu2bibjox']
[2024-10-28T19:28:08.609+0000] {standard_task_runner.py:105} INFO - Job 5: Subtask run_data_processing
[2024-10-28T19:28:08.611+0000] {logging_mixin.py:190} WARNING - /home/airflow/.local/lib/python3.12/site-packages/airflow/task/task_runner/standard_task_runner.py:70 DeprecationWarning: This process (pid=224) is multi-threaded, use of fork() may lead to deadlocks in the child.
[2024-10-28T19:28:08.613+0000] {standard_task_runner.py:72} INFO - Started process 225 to run task
[2024-10-28T19:28:08.667+0000] {task_command.py:467} INFO - Running <TaskInstance: nba_data_pipeline.run_data_processing scheduled__2024-10-27T00:00:00+00:00 [running]> on host 08a461fd00d1
[2024-10-28T19:28:08.765+0000] {taskinstance.py:3131} INFO - Exporting env vars: AIRFLOW_CTX_DAG_OWNER='airflow' AIRFLOW_CTX_DAG_ID='nba_data_pipeline' AIRFLOW_CTX_TASK_ID='run_data_processing' AIRFLOW_CTX_EXECUTION_DATE='2024-10-27T00:00:00+00:00' AIRFLOW_CTX_TRY_NUMBER='1' AIRFLOW_CTX_DAG_RUN_ID='scheduled__2024-10-27T00:00:00+00:00'
[2024-10-28T19:28:08.766+0000] {taskinstance.py:731} INFO - ::endgroup::
[2024-10-28T19:28:08.801+0000] {docker.py:367} INFO - Starting docker container from image us-west1-docker.pkg.dev/nba-fantasy-ml/nba-data-pipeline-repo/data-processing:latest
[2024-10-28T19:28:09.671+0000] {docker.py:438} INFO - 2024-10-28 19:28:09,669 - INFO - Starting data processing...
[2024-10-28T19:28:09.675+0000] {docker.py:438} INFO - 2024-10-28 19:28:09,673 - INFO - Database connected.
[2024-10-28T19:28:09.675+0000] {docker.py:438} INFO - 2024-10-28 19:28:09,674 - INFO - Cleaning and preprocessing data...
[2024-10-28T19:28:09.710+0000] {docker.py:438} INFO - 2024-10-28 19:28:09,708 - INFO - Validation passed.
[2024-10-28T19:28:09.710+0000] {docker.py:438} INFO - 2024-10-28 19:28:09,708 - INFO - Assigning unique IDs for players and games...
[2024-10-28T19:28:09.843+0000] {docker.py:438} INFO - 2024-10-28 19:28:09,841 - INFO - Inserting player stats into database...
[2024-10-28T19:28:09.851+0000] {docker.py:438} INFO - 2024-10-28 19:28:09,849 - ERROR - Error processing raw data: duplicate key value violates unique constraint "playerstats_pkey"
[2024-10-28T19:28:09.851+0000] {docker.py:438} INFO - DETAIL:  Key (game_id, player_id)=(ffdecbe4171e4829937e63a32f0d0dad, 1) already exists.
[2024-10-28T19:28:09.852+0000] {docker.py:438} INFO - 2024-10-28 19:28:09,849 - INFO - Database connection closed.
[2024-10-28T19:28:09.853+0000] {docker.py:438} INFO - 2024-10-28 19:28:09,849 - ERROR - Data processing failed.
[2024-10-28T19:28:10.054+0000] {taskinstance.py:3310} ERROR - Task failed with exception
Traceback (most recent call last):
  File "/home/airflow/.local/lib/python3.12/site-packages/airflow/models/taskinstance.py", line 767, in _execute_task
    result = _execute_callable(context=context, **execute_callable_kwargs)
             ^^^^^^^^^^^^^^^^^^^^^^^^^^^^^^^^^^^^^^^^^^^^^^^^^^^^^^^^^^^^^
  File "/home/airflow/.local/lib/python3.12/site-packages/airflow/models/taskinstance.py", line 733, in _execute_callable
    return ExecutionCallableRunner(
           ^^^^^^^^^^^^^^^^^^^^^^^^
  File "/home/airflow/.local/lib/python3.12/site-packages/airflow/utils/operator_helpers.py", line 252, in run
    return self.func(*args, **kwargs)
           ^^^^^^^^^^^^^^^^^^^^^^^^^^
  File "/home/airflow/.local/lib/python3.12/site-packages/airflow/models/baseoperator.py", line 406, in wrapper
    return func(self, *args, **kwargs)
           ^^^^^^^^^^^^^^^^^^^^^^^^^^^
  File "/home/airflow/.local/lib/python3.12/site-packages/airflow/providers/docker/operators/docker.py", line 513, in execute
    return self._run_image()
           ^^^^^^^^^^^^^^^^^
  File "/home/airflow/.local/lib/python3.12/site-packages/airflow/providers/docker/operators/docker.py", line 384, in _run_image
    return self._run_image_with_mounts(self.mounts, add_tmp_variable=False)
           ^^^^^^^^^^^^^^^^^^^^^^^^^^^^^^^^^^^^^^^^^^^^^^^^^^^^^^^^^^^^^^^^
  File "/home/airflow/.local/lib/python3.12/site-packages/airflow/providers/docker/operators/docker.py", line 446, in _run_image_with_mounts
    raise DockerContainerFailedException(f"Docker container failed: {result!r}", logs=log_lines)
airflow.providers.docker.exceptions.DockerContainerFailedException: Docker container failed: {'StatusCode': 1}
[2024-10-28T19:28:10.062+0000] {taskinstance.py:1225} INFO - Marking task as UP_FOR_RETRY. dag_id=nba_data_pipeline, task_id=run_data_processing, run_id=scheduled__2024-10-27T00:00:00+00:00, execution_date=20241027T000000, start_date=20241028T192808, end_date=20241028T192810
[2024-10-28T19:28:10.078+0000] {taskinstance.py:340} INFO - ::group::Post task execution logs
[2024-10-28T19:28:10.079+0000] {standard_task_runner.py:124} ERROR - Failed to execute job 5 for task run_data_processing (Docker container failed: {'StatusCode': 1}; 225)
Traceback (most recent call last):
  File "/home/airflow/.local/lib/python3.12/site-packages/airflow/task/task_runner/standard_task_runner.py", line 117, in _start_by_fork
    ret = args.func(args, dag=self.dag)
          ^^^^^^^^^^^^^^^^^^^^^^^^^^^^^
  File "/home/airflow/.local/lib/python3.12/site-packages/airflow/cli/cli_config.py", line 49, in command
    return func(*args, **kwargs)
           ^^^^^^^^^^^^^^^^^^^^^
  File "/home/airflow/.local/lib/python3.12/site-packages/airflow/utils/cli.py", line 115, in wrapper
    return f(*args, **kwargs)
           ^^^^^^^^^^^^^^^^^^
  File "/home/airflow/.local/lib/python3.12/site-packages/airflow/cli/commands/task_command.py", line 483, in task_run
    task_return_code = _run_task_by_selected_method(args, _dag, ti)
                       ^^^^^^^^^^^^^^^^^^^^^^^^^^^^^^^^^^^^^^^^^^^^
  File "/home/airflow/.local/lib/python3.12/site-packages/airflow/cli/commands/task_command.py", line 256, in _run_task_by_selected_method
    return _run_raw_task(args, ti)
           ^^^^^^^^^^^^^^^^^^^^^^^
  File "/home/airflow/.local/lib/python3.12/site-packages/airflow/cli/commands/task_command.py", line 341, in _run_raw_task
    return ti._run_raw_task(
           ^^^^^^^^^^^^^^^^^
  File "/home/airflow/.local/lib/python3.12/site-packages/airflow/utils/session.py", line 97, in wrapper
    return func(*args, session=session, **kwargs)
           ^^^^^^^^^^^^^^^^^^^^^^^^^^^^^^^^^^^^^^
  File "/home/airflow/.local/lib/python3.12/site-packages/airflow/models/taskinstance.py", line 3004, in _run_raw_task
    return _run_raw_task(
           ^^^^^^^^^^^^^^
  File "/home/airflow/.local/lib/python3.12/site-packages/airflow/models/taskinstance.py", line 273, in _run_raw_task
    TaskInstance._execute_task_with_callbacks(
  File "/home/airflow/.local/lib/python3.12/site-packages/airflow/models/taskinstance.py", line 3158, in _execute_task_with_callbacks
    result = self._execute_task(context, task_orig)
             ^^^^^^^^^^^^^^^^^^^^^^^^^^^^^^^^^^^^^^
  File "/home/airflow/.local/lib/python3.12/site-packages/airflow/models/taskinstance.py", line 3182, in _execute_task
    return _execute_task(self, context, task_orig)
           ^^^^^^^^^^^^^^^^^^^^^^^^^^^^^^^^^^^^^^^
  File "/home/airflow/.local/lib/python3.12/site-packages/airflow/models/taskinstance.py", line 767, in _execute_task
    result = _execute_callable(context=context, **execute_callable_kwargs)
             ^^^^^^^^^^^^^^^^^^^^^^^^^^^^^^^^^^^^^^^^^^^^^^^^^^^^^^^^^^^^^
  File "/home/airflow/.local/lib/python3.12/site-packages/airflow/models/taskinstance.py", line 733, in _execute_callable
    return ExecutionCallableRunner(
           ^^^^^^^^^^^^^^^^^^^^^^^^
  File "/home/airflow/.local/lib/python3.12/site-packages/airflow/utils/operator_helpers.py", line 252, in run
    return self.func(*args, **kwargs)
           ^^^^^^^^^^^^^^^^^^^^^^^^^^
  File "/home/airflow/.local/lib/python3.12/site-packages/airflow/models/baseoperator.py", line 406, in wrapper
    return func(self, *args, **kwargs)
           ^^^^^^^^^^^^^^^^^^^^^^^^^^^
  File "/home/airflow/.local/lib/python3.12/site-packages/airflow/providers/docker/operators/docker.py", line 513, in execute
    return self._run_image()
           ^^^^^^^^^^^^^^^^^
  File "/home/airflow/.local/lib/python3.12/site-packages/airflow/providers/docker/operators/docker.py", line 384, in _run_image
    return self._run_image_with_mounts(self.mounts, add_tmp_variable=False)
           ^^^^^^^^^^^^^^^^^^^^^^^^^^^^^^^^^^^^^^^^^^^^^^^^^^^^^^^^^^^^^^^^
  File "/home/airflow/.local/lib/python3.12/site-packages/airflow/providers/docker/operators/docker.py", line 446, in _run_image_with_mounts
    raise DockerContainerFailedException(f"Docker container failed: {result!r}", logs=log_lines)
airflow.providers.docker.exceptions.DockerContainerFailedException: Docker container failed: {'StatusCode': 1}
[2024-10-28T19:28:10.116+0000] {local_task_job_runner.py:266} INFO - Task exited with return code 1
[2024-10-28T19:28:10.156+0000] {taskinstance.py:3900} INFO - 0 downstream tasks scheduled from follow-on schedule check
[2024-10-28T19:28:10.159+0000] {local_task_job_runner.py:245} INFO - ::endgroup::
[2024-10-28T19:34:24.003+0000] {local_task_job_runner.py:123} INFO - ::group::Pre task execution logs
[2024-10-28T19:34:24.026+0000] {taskinstance.py:2612} INFO - Dependencies all met for dep_context=non-requeueable deps ti=<TaskInstance: nba_data_pipeline.run_data_processing scheduled__2024-10-27T00:00:00+00:00 [queued]>
[2024-10-28T19:34:24.038+0000] {taskinstance.py:2612} INFO - Dependencies all met for dep_context=requeueable deps ti=<TaskInstance: nba_data_pipeline.run_data_processing scheduled__2024-10-27T00:00:00+00:00 [queued]>
[2024-10-28T19:34:24.039+0000] {taskinstance.py:2865} INFO - Starting attempt 1 of 4
[2024-10-28T19:34:24.056+0000] {taskinstance.py:2888} INFO - Executing <Task(DockerOperator): run_data_processing> on 2024-10-27 00:00:00+00:00
[2024-10-28T19:34:24.064+0000] {standard_task_runner.py:104} INFO - Running: ['airflow', 'tasks', 'run', 'nba_data_pipeline', 'run_data_processing', 'scheduled__2024-10-27T00:00:00+00:00', '--job-id', '3', '--raw', '--subdir', 'DAGS_FOLDER/nba_data_pipeline.py', '--cfg-path', '/tmp/tmpnaeif4c5']
[2024-10-28T19:34:24.070+0000] {logging_mixin.py:190} WARNING - /home/airflow/.local/lib/python3.12/site-packages/airflow/task/task_runner/standard_task_runner.py:70 DeprecationWarning: This process (pid=217) is multi-threaded, use of fork() may lead to deadlocks in the child.
[2024-10-28T19:34:24.083+0000] {standard_task_runner.py:105} INFO - Job 3: Subtask run_data_processing
[2024-10-28T19:34:24.084+0000] {standard_task_runner.py:72} INFO - Started process 218 to run task
[2024-10-28T19:34:24.142+0000] {task_command.py:467} INFO - Running <TaskInstance: nba_data_pipeline.run_data_processing scheduled__2024-10-27T00:00:00+00:00 [running]> on host 52c2d351764b
[2024-10-28T19:34:24.238+0000] {taskinstance.py:3131} INFO - Exporting env vars: AIRFLOW_CTX_DAG_OWNER='airflow' AIRFLOW_CTX_DAG_ID='nba_data_pipeline' AIRFLOW_CTX_TASK_ID='run_data_processing' AIRFLOW_CTX_EXECUTION_DATE='2024-10-27T00:00:00+00:00' AIRFLOW_CTX_TRY_NUMBER='1' AIRFLOW_CTX_DAG_RUN_ID='scheduled__2024-10-27T00:00:00+00:00'
[2024-10-28T19:34:24.240+0000] {taskinstance.py:731} INFO - ::endgroup::
[2024-10-28T19:34:24.276+0000] {docker.py:367} INFO - Starting docker container from image us-west1-docker.pkg.dev/nba-fantasy-ml/nba-data-pipeline-repo/data-processing:latest
[2024-10-28T19:34:25.203+0000] {docker.py:438} INFO - 2024-10-28 19:34:25,201 - INFO - Starting data processing...
[2024-10-28T19:34:25.206+0000] {docker.py:438} INFO - 2024-10-28 19:34:25,205 - INFO - Database connected.
[2024-10-28T19:34:25.207+0000] {docker.py:438} INFO - 2024-10-28 19:34:25,205 - INFO - Cleaning and preprocessing data...
[2024-10-28T19:34:25.245+0000] {docker.py:438} INFO - 2024-10-28 19:34:25,243 - INFO - Validation passed.
[2024-10-28T19:34:25.246+0000] {docker.py:438} INFO - 2024-10-28 19:34:25,243 - INFO - Assigning unique IDs for players and games...
[2024-10-28T19:34:25.340+0000] {docker.py:438} INFO - 2024-10-28 19:34:25,339 - INFO - Inserting player stats into database...
[2024-10-28T19:34:25.443+0000] {docker.py:438} INFO - 2024-10-28 19:34:25,442 - INFO - Data processing completed successfully.
[2024-10-28T19:34:25.444+0000] {docker.py:438} INFO - 2024-10-28 19:34:25,442 - INFO - Database connection closed.
[2024-10-28T19:34:25.445+0000] {docker.py:438} INFO - 2024-10-28 19:34:25,443 - INFO - Successfully processed player_box_scores/2023-24/nba_player_stats_2023-24_2023-10-24_to_2023-10-25_2024-10-28_19-34-23.csv
[2024-10-28T19:34:25.650+0000] {taskinstance.py:340} INFO - ::group::Post task execution logs
[2024-10-28T19:34:25.651+0000] {taskinstance.py:352} INFO - Marking task as SUCCESS. dag_id=nba_data_pipeline, task_id=run_data_processing, run_id=scheduled__2024-10-27T00:00:00+00:00, execution_date=20241027T000000, start_date=20241028T193424, end_date=20241028T193425
[2024-10-28T19:34:25.701+0000] {local_task_job_runner.py:266} INFO - Task exited with return code 0
[2024-10-28T19:34:25.718+0000] {taskinstance.py:3900} INFO - 0 downstream tasks scheduled from follow-on schedule check
[2024-10-28T19:34:25.719+0000] {local_task_job_runner.py:245} INFO - ::endgroup::
[2024-10-28T19:51:17.577+0000] {local_task_job_runner.py:123} INFO - ::group::Pre task execution logs
[2024-10-28T19:51:17.597+0000] {taskinstance.py:2612} INFO - Dependencies all met for dep_context=non-requeueable deps ti=<TaskInstance: nba_data_pipeline.run_data_processing scheduled__2024-10-27T00:00:00+00:00 [queued]>
[2024-10-28T19:51:17.607+0000] {taskinstance.py:2612} INFO - Dependencies all met for dep_context=requeueable deps ti=<TaskInstance: nba_data_pipeline.run_data_processing scheduled__2024-10-27T00:00:00+00:00 [queued]>
[2024-10-28T19:51:17.608+0000] {taskinstance.py:2865} INFO - Starting attempt 1 of 4
[2024-10-28T19:51:17.623+0000] {taskinstance.py:2888} INFO - Executing <Task(DockerOperator): run_data_processing> on 2024-10-27 00:00:00+00:00
[2024-10-28T19:51:17.631+0000] {standard_task_runner.py:104} INFO - Running: ['airflow', 'tasks', 'run', 'nba_data_pipeline', 'run_data_processing', 'scheduled__2024-10-27T00:00:00+00:00', '--job-id', '3', '--raw', '--subdir', 'DAGS_FOLDER/nba_data_pipeline.py', '--cfg-path', '/tmp/tmpj3dmqmut']
[2024-10-28T19:51:17.634+0000] {standard_task_runner.py:105} INFO - Job 3: Subtask run_data_processing
[2024-10-28T19:51:17.636+0000] {logging_mixin.py:190} WARNING - /home/airflow/.local/lib/python3.12/site-packages/airflow/task/task_runner/standard_task_runner.py:70 DeprecationWarning: This process (pid=228) is multi-threaded, use of fork() may lead to deadlocks in the child.
[2024-10-28T19:51:17.637+0000] {standard_task_runner.py:72} INFO - Started process 229 to run task
[2024-10-28T19:51:17.686+0000] {task_command.py:467} INFO - Running <TaskInstance: nba_data_pipeline.run_data_processing scheduled__2024-10-27T00:00:00+00:00 [running]> on host 6ede0455727a
[2024-10-28T19:51:17.790+0000] {taskinstance.py:3131} INFO - Exporting env vars: AIRFLOW_CTX_DAG_OWNER='airflow' AIRFLOW_CTX_DAG_ID='nba_data_pipeline' AIRFLOW_CTX_TASK_ID='run_data_processing' AIRFLOW_CTX_EXECUTION_DATE='2024-10-27T00:00:00+00:00' AIRFLOW_CTX_TRY_NUMBER='1' AIRFLOW_CTX_DAG_RUN_ID='scheduled__2024-10-27T00:00:00+00:00'
[2024-10-28T19:51:17.792+0000] {taskinstance.py:731} INFO - ::endgroup::
[2024-10-28T19:51:17.831+0000] {docker.py:367} INFO - Starting docker container from image us-west1-docker.pkg.dev/nba-fantasy-ml/nba-data-pipeline-repo/data-processing:latest
[2024-10-28T19:51:18.777+0000] {docker.py:438} INFO - 2024-10-28 19:51:18,776 - INFO - Starting data processing...
[2024-10-28T19:51:18.781+0000] {docker.py:438} INFO - 2024-10-28 19:51:18,780 - INFO - Database connected.
[2024-10-28T19:51:18.781+0000] {docker.py:438} INFO - 2024-10-28 19:51:18,780 - INFO - Cleaning and preprocessing data...
[2024-10-28T19:51:18.818+0000] {docker.py:438} INFO - 2024-10-28 19:51:18,816 - INFO - Validation passed.
[2024-10-28T19:51:18.818+0000] {docker.py:438} INFO - 2024-10-28 19:51:18,816 - INFO - Assigning unique IDs for players and games...
[2024-10-28T19:51:18.899+0000] {docker.py:438} INFO - 2024-10-28 19:51:18,896 - INFO - Inserting player stats into database...
[2024-10-28T19:51:19.012+0000] {docker.py:438} INFO - 2024-10-28 19:51:19,010 - INFO - Data processing completed successfully.
[2024-10-28T19:51:19.012+0000] {docker.py:438} INFO - 2024-10-28 19:51:19,010 - INFO - Database connection closed.
[2024-10-28T19:51:19.013+0000] {docker.py:438} INFO - 2024-10-28 19:51:19,010 - INFO - Successfully processed player_box_scores/2023-24/nba_player_stats_2023-24_2023-10-24_to_2023-10-25_2024-10-28_19-51-16.csv
[2024-10-28T19:51:19.213+0000] {taskinstance.py:340} INFO - ::group::Post task execution logs
[2024-10-28T19:51:19.213+0000] {taskinstance.py:352} INFO - Marking task as SUCCESS. dag_id=nba_data_pipeline, task_id=run_data_processing, run_id=scheduled__2024-10-27T00:00:00+00:00, execution_date=20241027T000000, start_date=20241028T195117, end_date=20241028T195119
[2024-10-28T19:51:19.229+0000] {local_task_job_runner.py:266} INFO - Task exited with return code 0
[2024-10-28T19:51:19.248+0000] {taskinstance.py:3900} INFO - 0 downstream tasks scheduled from follow-on schedule check
[2024-10-28T19:51:19.249+0000] {local_task_job_runner.py:245} INFO - ::endgroup::
[2024-10-28T20:03:40.106+0000] {local_task_job_runner.py:123} INFO - ::group::Pre task execution logs
[2024-10-28T20:03:40.126+0000] {taskinstance.py:2612} INFO - Dependencies all met for dep_context=non-requeueable deps ti=<TaskInstance: nba_data_pipeline.run_data_processing scheduled__2024-10-27T00:00:00+00:00 [queued]>
[2024-10-28T20:03:40.136+0000] {taskinstance.py:2612} INFO - Dependencies all met for dep_context=requeueable deps ti=<TaskInstance: nba_data_pipeline.run_data_processing scheduled__2024-10-27T00:00:00+00:00 [queued]>
[2024-10-28T20:03:40.136+0000] {taskinstance.py:2865} INFO - Starting attempt 1 of 4
[2024-10-28T20:03:40.150+0000] {taskinstance.py:2888} INFO - Executing <Task(DockerOperator): run_data_processing> on 2024-10-27 00:00:00+00:00
[2024-10-28T20:03:40.157+0000] {standard_task_runner.py:104} INFO - Running: ['airflow', 'tasks', 'run', 'nba_data_pipeline', 'run_data_processing', 'scheduled__2024-10-27T00:00:00+00:00', '--job-id', '3', '--raw', '--subdir', 'DAGS_FOLDER/nba_data_pipeline.py', '--cfg-path', '/tmp/tmpdb6hjeo7']
[2024-10-28T20:03:40.160+0000] {standard_task_runner.py:105} INFO - Job 3: Subtask run_data_processing
[2024-10-28T20:03:40.162+0000] {logging_mixin.py:190} WARNING - /home/airflow/.local/lib/python3.12/site-packages/airflow/task/task_runner/standard_task_runner.py:70 DeprecationWarning: This process (pid=228) is multi-threaded, use of fork() may lead to deadlocks in the child.
[2024-10-28T20:03:40.163+0000] {standard_task_runner.py:72} INFO - Started process 229 to run task
[2024-10-28T20:03:40.212+0000] {task_command.py:467} INFO - Running <TaskInstance: nba_data_pipeline.run_data_processing scheduled__2024-10-27T00:00:00+00:00 [running]> on host 04c11e411f10
[2024-10-28T20:03:40.310+0000] {taskinstance.py:3131} INFO - Exporting env vars: AIRFLOW_CTX_DAG_OWNER='airflow' AIRFLOW_CTX_DAG_ID='nba_data_pipeline' AIRFLOW_CTX_TASK_ID='run_data_processing' AIRFLOW_CTX_EXECUTION_DATE='2024-10-27T00:00:00+00:00' AIRFLOW_CTX_TRY_NUMBER='1' AIRFLOW_CTX_DAG_RUN_ID='scheduled__2024-10-27T00:00:00+00:00'
[2024-10-28T20:03:40.311+0000] {taskinstance.py:731} INFO - ::endgroup::
[2024-10-28T20:03:40.347+0000] {docker.py:367} INFO - Starting docker container from image us-west1-docker.pkg.dev/nba-fantasy-ml/nba-data-pipeline-repo/data-processing:latest
[2024-10-28T20:03:41.246+0000] {docker.py:438} INFO - 2024-10-28 20:03:41,244 - INFO - Starting data processing...
[2024-10-28T20:03:41.250+0000] {docker.py:438} INFO - 2024-10-28 20:03:41,248 - INFO - Database connected.
[2024-10-28T20:03:41.250+0000] {docker.py:438} INFO - 2024-10-28 20:03:41,249 - INFO - Cleaning and preprocessing data...
[2024-10-28T20:03:41.289+0000] {docker.py:438} INFO - 2024-10-28 20:03:41,288 - INFO - Validation passed.
[2024-10-28T20:03:41.292+0000] {docker.py:438} INFO - 2024-10-28 20:03:41,288 - INFO - Assigning unique IDs for players and games...
[2024-10-28T20:03:41.424+0000] {docker.py:438} INFO - 2024-10-28 20:03:41,423 - INFO - Inserting player stats into database...
[2024-10-28T20:03:41.530+0000] {docker.py:438} INFO - 2024-10-28 20:03:41,528 - INFO - Data processing completed successfully.
[2024-10-28T20:03:41.530+0000] {docker.py:438} INFO - 2024-10-28 20:03:41,529 - INFO - Database connection closed.
[2024-10-28T20:03:41.531+0000] {docker.py:438} INFO - 2024-10-28 20:03:41,529 - INFO - Successfully processed player_box_scores/2023-24/nba_player_stats_2023-24_2023-10-24_to_2023-10-25_2024-10-28_20-03-38.csv
[2024-10-28T20:03:41.743+0000] {taskinstance.py:340} INFO - ::group::Post task execution logs
[2024-10-28T20:03:41.744+0000] {taskinstance.py:352} INFO - Marking task as SUCCESS. dag_id=nba_data_pipeline, task_id=run_data_processing, run_id=scheduled__2024-10-27T00:00:00+00:00, execution_date=20241027T000000, start_date=20241028T200340, end_date=20241028T200341
[2024-10-28T20:03:41.783+0000] {local_task_job_runner.py:266} INFO - Task exited with return code 0
[2024-10-28T20:03:41.801+0000] {taskinstance.py:3900} INFO - 0 downstream tasks scheduled from follow-on schedule check
[2024-10-28T20:03:41.803+0000] {local_task_job_runner.py:245} INFO - ::endgroup::
[2024-10-28T20:26:23.129+0000] {local_task_job_runner.py:123} INFO - ::group::Pre task execution logs
[2024-10-28T20:26:23.153+0000] {taskinstance.py:2612} INFO - Dependencies all met for dep_context=non-requeueable deps ti=<TaskInstance: nba_data_pipeline.run_data_processing scheduled__2024-10-27T00:00:00+00:00 [queued]>
[2024-10-28T20:26:23.164+0000] {taskinstance.py:2612} INFO - Dependencies all met for dep_context=requeueable deps ti=<TaskInstance: nba_data_pipeline.run_data_processing scheduled__2024-10-27T00:00:00+00:00 [queued]>
[2024-10-28T20:26:23.164+0000] {taskinstance.py:2865} INFO - Starting attempt 1 of 4
[2024-10-28T20:26:23.181+0000] {taskinstance.py:2888} INFO - Executing <Task(DockerOperator): run_data_processing> on 2024-10-27 00:00:00+00:00
[2024-10-28T20:26:23.190+0000] {standard_task_runner.py:104} INFO - Running: ['airflow', 'tasks', 'run', 'nba_data_pipeline', 'run_data_processing', 'scheduled__2024-10-27T00:00:00+00:00', '--job-id', '3', '--raw', '--subdir', 'DAGS_FOLDER/nba_data_pipeline.py', '--cfg-path', '/tmp/tmpgot99h8x']
[2024-10-28T20:26:23.193+0000] {standard_task_runner.py:105} INFO - Job 3: Subtask run_data_processing
[2024-10-28T20:26:23.195+0000] {logging_mixin.py:190} WARNING - /home/airflow/.local/lib/python3.12/site-packages/airflow/task/task_runner/standard_task_runner.py:70 DeprecationWarning: This process (pid=248) is multi-threaded, use of fork() may lead to deadlocks in the child.
[2024-10-28T20:26:23.196+0000] {standard_task_runner.py:72} INFO - Started process 249 to run task
[2024-10-28T20:26:23.253+0000] {task_command.py:467} INFO - Running <TaskInstance: nba_data_pipeline.run_data_processing scheduled__2024-10-27T00:00:00+00:00 [running]> on host 0d2c6c54d649
[2024-10-28T20:26:23.367+0000] {taskinstance.py:3131} INFO - Exporting env vars: AIRFLOW_CTX_DAG_OWNER='airflow' AIRFLOW_CTX_DAG_ID='nba_data_pipeline' AIRFLOW_CTX_TASK_ID='run_data_processing' AIRFLOW_CTX_EXECUTION_DATE='2024-10-27T00:00:00+00:00' AIRFLOW_CTX_TRY_NUMBER='1' AIRFLOW_CTX_DAG_RUN_ID='scheduled__2024-10-27T00:00:00+00:00'
[2024-10-28T20:26:23.369+0000] {taskinstance.py:731} INFO - ::endgroup::
[2024-10-28T20:26:23.410+0000] {docker.py:367} INFO - Starting docker container from image us-west1-docker.pkg.dev/nba-fantasy-ml/nba-data-pipeline-repo/data-processing:latest
[2024-10-28T20:26:24.405+0000] {docker.py:438} INFO - 2024-10-28 20:26:24,404 - INFO - Starting data processing...
[2024-10-28T20:26:24.410+0000] {docker.py:438} INFO - 2024-10-28 20:26:24,408 - INFO - Database connected.
[2024-10-28T20:26:24.410+0000] {docker.py:438} INFO - 2024-10-28 20:26:24,408 - INFO - Cleaning and preprocessing data...
[2024-10-28T20:26:24.461+0000] {docker.py:438} INFO - 2024-10-28 20:26:24,460 - INFO - Validation passed.
[2024-10-28T20:26:24.461+0000] {docker.py:438} INFO - 2024-10-28 20:26:24,460 - INFO - Assigning unique IDs for players and games...
[2024-10-28T20:26:24.652+0000] {docker.py:438} INFO - 2024-10-28 20:26:24,651 - INFO - Inserting player stats into database...
[2024-10-28T20:26:24.672+0000] {docker.py:438} INFO - 2024-10-28 20:26:24,669 - ERROR - Error processing raw data: duplicate key value violates unique constraint "playerstats_pkey"
[2024-10-28T20:26:24.673+0000] {docker.py:438} INFO - DETAIL:  Key (game_id, player_id)=(8dbca9673795a8ad5e241ed430ba5ede, 1) already exists.
[2024-10-28T20:26:24.674+0000] {docker.py:438} INFO - 2024-10-28 20:26:24,670 - INFO - Database connection closed.
[2024-10-28T20:26:24.674+0000] {docker.py:438} INFO - 2024-10-28 20:26:24,670 - ERROR - Data processing failed.
[2024-10-28T20:26:24.884+0000] {taskinstance.py:3310} ERROR - Task failed with exception
Traceback (most recent call last):
  File "/home/airflow/.local/lib/python3.12/site-packages/airflow/models/taskinstance.py", line 767, in _execute_task
    result = _execute_callable(context=context, **execute_callable_kwargs)
             ^^^^^^^^^^^^^^^^^^^^^^^^^^^^^^^^^^^^^^^^^^^^^^^^^^^^^^^^^^^^^
  File "/home/airflow/.local/lib/python3.12/site-packages/airflow/models/taskinstance.py", line 733, in _execute_callable
    return ExecutionCallableRunner(
           ^^^^^^^^^^^^^^^^^^^^^^^^
  File "/home/airflow/.local/lib/python3.12/site-packages/airflow/utils/operator_helpers.py", line 252, in run
    return self.func(*args, **kwargs)
           ^^^^^^^^^^^^^^^^^^^^^^^^^^
  File "/home/airflow/.local/lib/python3.12/site-packages/airflow/models/baseoperator.py", line 406, in wrapper
    return func(self, *args, **kwargs)
           ^^^^^^^^^^^^^^^^^^^^^^^^^^^
  File "/home/airflow/.local/lib/python3.12/site-packages/airflow/providers/docker/operators/docker.py", line 513, in execute
    return self._run_image()
           ^^^^^^^^^^^^^^^^^
  File "/home/airflow/.local/lib/python3.12/site-packages/airflow/providers/docker/operators/docker.py", line 384, in _run_image
    return self._run_image_with_mounts(self.mounts, add_tmp_variable=False)
           ^^^^^^^^^^^^^^^^^^^^^^^^^^^^^^^^^^^^^^^^^^^^^^^^^^^^^^^^^^^^^^^^
  File "/home/airflow/.local/lib/python3.12/site-packages/airflow/providers/docker/operators/docker.py", line 446, in _run_image_with_mounts
    raise DockerContainerFailedException(f"Docker container failed: {result!r}", logs=log_lines)
airflow.providers.docker.exceptions.DockerContainerFailedException: Docker container failed: {'StatusCode': 1}
[2024-10-28T20:26:24.893+0000] {taskinstance.py:1225} INFO - Marking task as UP_FOR_RETRY. dag_id=nba_data_pipeline, task_id=run_data_processing, run_id=scheduled__2024-10-27T00:00:00+00:00, execution_date=20241027T000000, start_date=20241028T202623, end_date=20241028T202624
[2024-10-28T20:26:24.910+0000] {taskinstance.py:340} INFO - ::group::Post task execution logs
[2024-10-28T20:26:24.911+0000] {standard_task_runner.py:124} ERROR - Failed to execute job 3 for task run_data_processing (Docker container failed: {'StatusCode': 1}; 249)
Traceback (most recent call last):
  File "/home/airflow/.local/lib/python3.12/site-packages/airflow/task/task_runner/standard_task_runner.py", line 117, in _start_by_fork
    ret = args.func(args, dag=self.dag)
          ^^^^^^^^^^^^^^^^^^^^^^^^^^^^^
  File "/home/airflow/.local/lib/python3.12/site-packages/airflow/cli/cli_config.py", line 49, in command
    return func(*args, **kwargs)
           ^^^^^^^^^^^^^^^^^^^^^
  File "/home/airflow/.local/lib/python3.12/site-packages/airflow/utils/cli.py", line 115, in wrapper
    return f(*args, **kwargs)
           ^^^^^^^^^^^^^^^^^^
  File "/home/airflow/.local/lib/python3.12/site-packages/airflow/cli/commands/task_command.py", line 483, in task_run
    task_return_code = _run_task_by_selected_method(args, _dag, ti)
                       ^^^^^^^^^^^^^^^^^^^^^^^^^^^^^^^^^^^^^^^^^^^^
  File "/home/airflow/.local/lib/python3.12/site-packages/airflow/cli/commands/task_command.py", line 256, in _run_task_by_selected_method
    return _run_raw_task(args, ti)
           ^^^^^^^^^^^^^^^^^^^^^^^
  File "/home/airflow/.local/lib/python3.12/site-packages/airflow/cli/commands/task_command.py", line 341, in _run_raw_task
    return ti._run_raw_task(
           ^^^^^^^^^^^^^^^^^
  File "/home/airflow/.local/lib/python3.12/site-packages/airflow/utils/session.py", line 97, in wrapper
    return func(*args, session=session, **kwargs)
           ^^^^^^^^^^^^^^^^^^^^^^^^^^^^^^^^^^^^^^
  File "/home/airflow/.local/lib/python3.12/site-packages/airflow/models/taskinstance.py", line 3004, in _run_raw_task
    return _run_raw_task(
           ^^^^^^^^^^^^^^
  File "/home/airflow/.local/lib/python3.12/site-packages/airflow/models/taskinstance.py", line 273, in _run_raw_task
    TaskInstance._execute_task_with_callbacks(
  File "/home/airflow/.local/lib/python3.12/site-packages/airflow/models/taskinstance.py", line 3158, in _execute_task_with_callbacks
    result = self._execute_task(context, task_orig)
             ^^^^^^^^^^^^^^^^^^^^^^^^^^^^^^^^^^^^^^
  File "/home/airflow/.local/lib/python3.12/site-packages/airflow/models/taskinstance.py", line 3182, in _execute_task
    return _execute_task(self, context, task_orig)
           ^^^^^^^^^^^^^^^^^^^^^^^^^^^^^^^^^^^^^^^
  File "/home/airflow/.local/lib/python3.12/site-packages/airflow/models/taskinstance.py", line 767, in _execute_task
    result = _execute_callable(context=context, **execute_callable_kwargs)
             ^^^^^^^^^^^^^^^^^^^^^^^^^^^^^^^^^^^^^^^^^^^^^^^^^^^^^^^^^^^^^
  File "/home/airflow/.local/lib/python3.12/site-packages/airflow/models/taskinstance.py", line 733, in _execute_callable
    return ExecutionCallableRunner(
           ^^^^^^^^^^^^^^^^^^^^^^^^
  File "/home/airflow/.local/lib/python3.12/site-packages/airflow/utils/operator_helpers.py", line 252, in run
    return self.func(*args, **kwargs)
           ^^^^^^^^^^^^^^^^^^^^^^^^^^
  File "/home/airflow/.local/lib/python3.12/site-packages/airflow/models/baseoperator.py", line 406, in wrapper
    return func(self, *args, **kwargs)
           ^^^^^^^^^^^^^^^^^^^^^^^^^^^
  File "/home/airflow/.local/lib/python3.12/site-packages/airflow/providers/docker/operators/docker.py", line 513, in execute
    return self._run_image()
           ^^^^^^^^^^^^^^^^^
  File "/home/airflow/.local/lib/python3.12/site-packages/airflow/providers/docker/operators/docker.py", line 384, in _run_image
    return self._run_image_with_mounts(self.mounts, add_tmp_variable=False)
           ^^^^^^^^^^^^^^^^^^^^^^^^^^^^^^^^^^^^^^^^^^^^^^^^^^^^^^^^^^^^^^^^
  File "/home/airflow/.local/lib/python3.12/site-packages/airflow/providers/docker/operators/docker.py", line 446, in _run_image_with_mounts
    raise DockerContainerFailedException(f"Docker container failed: {result!r}", logs=log_lines)
airflow.providers.docker.exceptions.DockerContainerFailedException: Docker container failed: {'StatusCode': 1}
[2024-10-28T20:26:24.941+0000] {local_task_job_runner.py:266} INFO - Task exited with return code 1
[2024-10-28T20:26:24.960+0000] {taskinstance.py:3900} INFO - 0 downstream tasks scheduled from follow-on schedule check
[2024-10-28T20:26:24.964+0000] {local_task_job_runner.py:245} INFO - ::endgroup::
[2024-10-28T23:32:24.507+0000] {local_task_job_runner.py:123} INFO - ::group::Pre task execution logs
[2024-10-28T23:32:24.527+0000] {taskinstance.py:2612} INFO - Dependencies all met for dep_context=non-requeueable deps ti=<TaskInstance: nba_data_pipeline.run_data_processing scheduled__2024-10-27T00:00:00+00:00 [queued]>
[2024-10-28T23:32:24.536+0000] {taskinstance.py:2612} INFO - Dependencies all met for dep_context=requeueable deps ti=<TaskInstance: nba_data_pipeline.run_data_processing scheduled__2024-10-27T00:00:00+00:00 [queued]>
[2024-10-28T23:32:24.537+0000] {taskinstance.py:2865} INFO - Starting attempt 1 of 4
[2024-10-28T23:32:24.551+0000] {taskinstance.py:2888} INFO - Executing <Task(DockerOperator): run_data_processing> on 2024-10-27 00:00:00+00:00
[2024-10-28T23:32:24.559+0000] {standard_task_runner.py:104} INFO - Running: ['airflow', 'tasks', 'run', 'nba_data_pipeline', 'run_data_processing', 'scheduled__2024-10-27T00:00:00+00:00', '--job-id', '3', '--raw', '--subdir', 'DAGS_FOLDER/nba_data_pipeline.py', '--cfg-path', '/tmp/tmpuiiwh1lx']
[2024-10-28T23:32:24.562+0000] {standard_task_runner.py:105} INFO - Job 3: Subtask run_data_processing
[2024-10-28T23:32:24.564+0000] {logging_mixin.py:190} WARNING - /home/airflow/.local/lib/python3.12/site-packages/airflow/task/task_runner/standard_task_runner.py:70 DeprecationWarning: This process (pid=273) is multi-threaded, use of fork() may lead to deadlocks in the child.
[2024-10-28T23:32:24.564+0000] {standard_task_runner.py:72} INFO - Started process 274 to run task
[2024-10-28T23:32:24.615+0000] {task_command.py:467} INFO - Running <TaskInstance: nba_data_pipeline.run_data_processing scheduled__2024-10-27T00:00:00+00:00 [running]> on host 7adf3670d39a
[2024-10-28T23:32:24.713+0000] {taskinstance.py:3131} INFO - Exporting env vars: AIRFLOW_CTX_DAG_OWNER='airflow' AIRFLOW_CTX_DAG_ID='nba_data_pipeline' AIRFLOW_CTX_TASK_ID='run_data_processing' AIRFLOW_CTX_EXECUTION_DATE='2024-10-27T00:00:00+00:00' AIRFLOW_CTX_TRY_NUMBER='1' AIRFLOW_CTX_DAG_RUN_ID='scheduled__2024-10-27T00:00:00+00:00'
[2024-10-28T23:32:24.715+0000] {taskinstance.py:731} INFO - ::endgroup::
[2024-10-28T23:32:24.756+0000] {docker.py:367} INFO - Starting docker container from image us-west1-docker.pkg.dev/nba-fantasy-ml/nba-data-pipeline-repo/data-processing:latest
[2024-10-28T23:32:25.751+0000] {docker.py:438} INFO - 2024-10-28 23:32:25,750 - INFO - Starting data processing...
[2024-10-28T23:32:25.755+0000] {docker.py:438} INFO - 2024-10-28 23:32:25,754 - INFO - Database connected.
[2024-10-28T23:32:25.756+0000] {docker.py:438} INFO - 2024-10-28 23:32:25,754 - INFO - Cleaning and preprocessing data...
[2024-10-28T23:32:25.807+0000] {docker.py:438} INFO - 2024-10-28 23:32:25,805 - INFO - Validation passed.
[2024-10-28T23:32:25.807+0000] {docker.py:438} INFO - 2024-10-28 23:32:25,806 - INFO - Assigning unique IDs for players and games...
[2024-10-28T23:32:25.912+0000] {docker.py:438} INFO - 2024-10-28 23:32:25,911 - INFO - Inserting player stats into database...
[2024-10-28T23:32:26.295+0000] {docker.py:438} INFO - 2024-10-28 23:32:26,294 - INFO - Data processing completed successfully.
[2024-10-28T23:32:26.296+0000] {docker.py:438} INFO - 2024-10-28 23:32:26,294 - INFO - Database connection closed.
[2024-10-28T23:32:26.296+0000] {docker.py:438} INFO - 2024-10-28 23:32:26,294 - INFO - Successfully processed player_box_scores/2024-25/nba_player_stats_2024-25_2024-10-22_to_2024-10-31_2024-10-28_23-32-23.csv
[2024-10-28T23:32:26.511+0000] {taskinstance.py:340} INFO - ::group::Post task execution logs
[2024-10-28T23:32:26.512+0000] {taskinstance.py:352} INFO - Marking task as SUCCESS. dag_id=nba_data_pipeline, task_id=run_data_processing, run_id=scheduled__2024-10-27T00:00:00+00:00, execution_date=20241027T000000, start_date=20241028T233224, end_date=20241028T233226
[2024-10-28T23:32:26.557+0000] {local_task_job_runner.py:266} INFO - Task exited with return code 0
[2024-10-28T23:32:26.578+0000] {taskinstance.py:3900} INFO - 0 downstream tasks scheduled from follow-on schedule check
[2024-10-28T23:32:26.580+0000] {local_task_job_runner.py:245} INFO - ::endgroup::
