[2024-10-28T19:08:06.933+0000] {local_task_job_runner.py:123} INFO - ::group::Pre task execution logs
[2024-10-28T19:08:06.955+0000] {taskinstance.py:2612} INFO - Dependencies all met for dep_context=non-requeueable deps ti=<TaskInstance: nba_data_pipeline.run_data_processing scheduled__2024-10-27T00:00:00+00:00 [queued]>
[2024-10-28T19:08:06.968+0000] {taskinstance.py:2612} INFO - Dependencies all met for dep_context=requeueable deps ti=<TaskInstance: nba_data_pipeline.run_data_processing scheduled__2024-10-27T00:00:00+00:00 [queued]>
[2024-10-28T19:08:06.968+0000] {taskinstance.py:2865} INFO - Starting attempt 2 of 5
[2024-10-28T19:08:06.987+0000] {taskinstance.py:2888} INFO - Executing <Task(DockerOperator): run_data_processing> on 2024-10-27 00:00:00+00:00
[2024-10-28T19:08:06.997+0000] {standard_task_runner.py:104} INFO - Running: ['airflow', 'tasks', 'run', 'nba_data_pipeline', 'run_data_processing', 'scheduled__2024-10-27T00:00:00+00:00', '--job-id', '4', '--raw', '--subdir', 'DAGS_FOLDER/nba_data_pipeline.py', '--cfg-path', '/tmp/tmp5gtafvs9']
[2024-10-28T19:08:07.000+0000] {standard_task_runner.py:105} INFO - Job 4: Subtask run_data_processing
[2024-10-28T19:08:07.004+0000] {logging_mixin.py:190} WARNING - /home/airflow/.local/lib/python3.12/site-packages/airflow/task/task_runner/standard_task_runner.py:70 DeprecationWarning: This process (pid=326) is multi-threaded, use of fork() may lead to deadlocks in the child.
[2024-10-28T19:08:07.005+0000] {standard_task_runner.py:72} INFO - Started process 327 to run task
[2024-10-28T19:08:07.075+0000] {task_command.py:467} INFO - Running <TaskInstance: nba_data_pipeline.run_data_processing scheduled__2024-10-27T00:00:00+00:00 [running]> on host 0cda2f100f4b
[2024-10-28T19:08:07.176+0000] {taskinstance.py:3131} INFO - Exporting env vars: AIRFLOW_CTX_DAG_OWNER='airflow' AIRFLOW_CTX_DAG_ID='nba_data_pipeline' AIRFLOW_CTX_TASK_ID='run_data_processing' AIRFLOW_CTX_EXECUTION_DATE='2024-10-27T00:00:00+00:00' AIRFLOW_CTX_TRY_NUMBER='2' AIRFLOW_CTX_DAG_RUN_ID='scheduled__2024-10-27T00:00:00+00:00'
[2024-10-28T19:08:07.177+0000] {taskinstance.py:731} INFO - ::endgroup::
[2024-10-28T19:08:07.213+0000] {docker.py:367} INFO - Starting docker container from image us-west1-docker.pkg.dev/nba-fantasy-ml/nba-data-pipeline-repo/data-processing:latest
[2024-10-28T19:08:08.092+0000] {docker.py:438} INFO - 2024-10-28 19:08:08,090 - INFO - Starting data processing...
[2024-10-28T19:08:08.095+0000] {docker.py:438} INFO - 2024-10-28 19:08:08,094 - INFO - Database connected.
[2024-10-28T19:08:08.096+0000] {docker.py:438} INFO - 2024-10-28 19:08:08,094 - INFO - Cleaning and preprocessing data...
[2024-10-28T19:08:08.135+0000] {docker.py:438} INFO - 2024-10-28 19:08:08,133 - INFO - Validation passed.
[2024-10-28T19:08:08.135+0000] {docker.py:438} INFO - 2024-10-28 19:08:08,133 - INFO - Assigning unique IDs for players and games...
[2024-10-28T19:08:08.219+0000] {docker.py:438} INFO - 2024-10-28 19:08:08,217 - INFO - Inserting player stats into database...
[2024-10-28T19:08:08.321+0000] {docker.py:438} INFO - 2024-10-28 19:08:08,319 - INFO - Data processing completed successfully.
[2024-10-28T19:08:08.321+0000] {docker.py:438} INFO - 2024-10-28 19:08:08,319 - INFO - Database connection closed.
[2024-10-28T19:08:08.321+0000] {docker.py:438} INFO - 2024-10-28 19:08:08,319 - INFO - Successfully processed player_box_scores/2023-24/nba_player_stats_2023-24_2023-10-24_to_2023-10-25_2024-10-28_19-04-02.csv
[2024-10-28T19:08:08.548+0000] {taskinstance.py:340} INFO - ::group::Post task execution logs
[2024-10-28T19:08:08.549+0000] {taskinstance.py:352} INFO - Marking task as SUCCESS. dag_id=nba_data_pipeline, task_id=run_data_processing, run_id=scheduled__2024-10-27T00:00:00+00:00, execution_date=20241027T000000, start_date=20241028T190806, end_date=20241028T190808
[2024-10-28T19:08:08.590+0000] {local_task_job_runner.py:266} INFO - Task exited with return code 0
[2024-10-28T19:08:08.608+0000] {taskinstance.py:3900} INFO - 0 downstream tasks scheduled from follow-on schedule check
[2024-10-28T19:08:08.609+0000] {local_task_job_runner.py:245} INFO - ::endgroup::
