[2024-10-29T05:04:09.528+0000] {local_task_job_runner.py:123} INFO - ::group::Pre task execution logs
[2024-10-29T05:04:09.617+0000] {taskinstance.py:2612} INFO - Dependencies all met for dep_context=non-requeueable deps ti=<TaskInstance: nba_data_pipeline.run_data_processing manual__2024-10-29T04:59:32.420396+00:00 [queued]>
[2024-10-29T05:04:09.665+0000] {taskinstance.py:2612} INFO - Dependencies all met for dep_context=requeueable deps ti=<TaskInstance: nba_data_pipeline.run_data_processing manual__2024-10-29T04:59:32.420396+00:00 [queued]>
[2024-10-29T05:04:09.667+0000] {taskinstance.py:2865} INFO - Starting attempt 1 of 4
[2024-10-29T05:04:09.735+0000] {taskinstance.py:2888} INFO - Executing <Task(DockerOperator): run_data_processing> on 2024-10-29 04:59:32.420396+00:00
[2024-10-29T05:04:09.764+0000] {standard_task_runner.py:104} INFO - Running: ['airflow', 'tasks', 'run', 'nba_data_pipeline', 'run_data_processing', 'manual__2024-10-29T04:59:32.420396+00:00', '--job-id', '6', '--raw', '--subdir', 'DAGS_FOLDER/nba_data_pipeline.py', '--cfg-path', '/tmp/tmpqt4248bg']
[2024-10-29T05:04:09.774+0000] {standard_task_runner.py:105} INFO - Job 6: Subtask run_data_processing
[2024-10-29T05:04:09.787+0000] {logging_mixin.py:190} WARNING - /home/airflow/.local/lib/python3.12/site-packages/airflow/task/task_runner/standard_task_runner.py:70 DeprecationWarning: This process (pid=362) is multi-threaded, use of fork() may lead to deadlocks in the child.
[2024-10-29T05:04:09.790+0000] {standard_task_runner.py:72} INFO - Started process 363 to run task
[2024-10-29T05:04:10.073+0000] {task_command.py:467} INFO - Running <TaskInstance: nba_data_pipeline.run_data_processing manual__2024-10-29T04:59:32.420396+00:00 [running]> on host 19f753cfe918
[2024-10-29T05:04:10.578+0000] {taskinstance.py:3131} INFO - Exporting env vars: AIRFLOW_CTX_DAG_OWNER='airflow' AIRFLOW_CTX_DAG_ID='nba_data_pipeline' AIRFLOW_CTX_TASK_ID='run_data_processing' AIRFLOW_CTX_EXECUTION_DATE='2024-10-29T04:59:32.420396+00:00' AIRFLOW_CTX_TRY_NUMBER='1' AIRFLOW_CTX_DAG_RUN_ID='manual__2024-10-29T04:59:32.420396+00:00'
[2024-10-29T05:04:10.581+0000] {taskinstance.py:731} INFO - ::endgroup::
[2024-10-29T05:04:11.025+0000] {docker.py:367} INFO - Starting docker container from image us-west1-docker.pkg.dev/nba-fantasy-ml/nba-data-pipeline-repo/data-processing:latest
[2024-10-29T05:04:16.250+0000] {docker.py:438} INFO - 2024-10-29 05:04:16,236 - INFO - Starting data processing...
[2024-10-29T05:04:16.267+0000] {docker.py:438} INFO - 2024-10-29 05:04:16,263 - INFO - Database connected.
[2024-10-29T05:04:16.272+0000] {docker.py:438} INFO - 2024-10-29 05:04:16,263 - INFO - Cleaning and preprocessing data...
[2024-10-29T05:04:16.560+0000] {docker.py:438} INFO - 2024-10-29 05:04:16,556 - INFO - Validation passed.
[2024-10-29T05:04:16.563+0000] {docker.py:438} INFO - 2024-10-29 05:04:16,557 - INFO - Assigning unique IDs for players and games...
[2024-10-29T05:04:17.081+0000] {docker.py:438} INFO - 2024-10-29 05:04:17,077 - INFO - Inserting player stats into database...
[2024-10-29T05:04:18.545+0000] {docker.py:438} INFO - 2024-10-29 05:04:18,539 - INFO - Data processing completed successfully.
[2024-10-29T05:04:18.548+0000] {docker.py:438} INFO - 2024-10-29 05:04:18,541 - INFO - Database connection closed.
[2024-10-29T05:04:18.551+0000] {docker.py:438} INFO - 2024-10-29 05:04:18,542 - INFO - Successfully processed player_box_scores/2024-25/nba_player_stats_2024-25_2024-10-22_to_2024-10-31_2024-10-29_05-04-05.csv
[2024-10-29T05:04:19.547+0000] {taskinstance.py:340} INFO - ::group::Post task execution logs
[2024-10-29T05:04:19.551+0000] {taskinstance.py:352} INFO - Marking task as SUCCESS. dag_id=nba_data_pipeline, task_id=run_data_processing, run_id=manual__2024-10-29T04:59:32.420396+00:00, execution_date=20241029T045932, start_date=20241029T050409, end_date=20241029T050419
[2024-10-29T05:04:19.662+0000] {local_task_job_runner.py:266} INFO - Task exited with return code 0
[2024-10-29T05:04:19.761+0000] {taskinstance.py:3900} INFO - 0 downstream tasks scheduled from follow-on schedule check
[2024-10-29T05:04:19.769+0000] {local_task_job_runner.py:245} INFO - ::endgroup::
[2024-10-29T05:04:19.806+0000] {standard_task_runner.py:217} INFO - Process not found (most likely exited), stop collecting metrics
