[2024-10-28T19:02:38.128+0000] {local_task_job_runner.py:123} INFO - ::group::Pre task execution logs
[2024-10-28T19:02:38.150+0000] {taskinstance.py:2612} INFO - Dependencies all met for dep_context=non-requeueable deps ti=<TaskInstance: nba_data_pipeline.run_data_ingestion scheduled__2024-10-27T00:00:00+00:00 [queued]>
[2024-10-28T19:02:38.159+0000] {taskinstance.py:2612} INFO - Dependencies all met for dep_context=requeueable deps ti=<TaskInstance: nba_data_pipeline.run_data_ingestion scheduled__2024-10-27T00:00:00+00:00 [queued]>
[2024-10-28T19:02:38.160+0000] {taskinstance.py:2865} INFO - Starting attempt 1 of 4
[2024-10-28T19:02:38.178+0000] {taskinstance.py:2888} INFO - Executing <Task(DockerOperator): run_data_ingestion> on 2024-10-27 00:00:00+00:00
[2024-10-28T19:02:38.186+0000] {standard_task_runner.py:104} INFO - Running: ['airflow', 'tasks', 'run', 'nba_data_pipeline', 'run_data_ingestion', 'scheduled__2024-10-27T00:00:00+00:00', '--job-id', '2', '--raw', '--subdir', 'DAGS_FOLDER/nba_data_pipeline.py', '--cfg-path', '/tmp/tmpqy5txn1t']
[2024-10-28T19:02:38.190+0000] {standard_task_runner.py:105} INFO - Job 2: Subtask run_data_ingestion
[2024-10-28T19:02:38.191+0000] {logging_mixin.py:190} WARNING - /home/airflow/.local/lib/python3.12/site-packages/airflow/task/task_runner/standard_task_runner.py:70 DeprecationWarning: This process (pid=270) is multi-threaded, use of fork() may lead to deadlocks in the child.
[2024-10-28T19:02:38.193+0000] {standard_task_runner.py:72} INFO - Started process 271 to run task
[2024-10-28T19:02:38.261+0000] {task_command.py:467} INFO - Running <TaskInstance: nba_data_pipeline.run_data_ingestion scheduled__2024-10-27T00:00:00+00:00 [running]> on host 0cda2f100f4b
[2024-10-28T19:02:38.460+0000] {taskinstance.py:3131} INFO - Exporting env vars: AIRFLOW_CTX_DAG_OWNER='airflow' AIRFLOW_CTX_DAG_ID='nba_data_pipeline' AIRFLOW_CTX_TASK_ID='run_data_ingestion' AIRFLOW_CTX_EXECUTION_DATE='2024-10-27T00:00:00+00:00' AIRFLOW_CTX_TRY_NUMBER='1' AIRFLOW_CTX_DAG_RUN_ID='scheduled__2024-10-27T00:00:00+00:00'
[2024-10-28T19:02:38.461+0000] {taskinstance.py:731} INFO - ::endgroup::
[2024-10-28T19:02:38.513+0000] {docker.py:367} INFO - Starting docker container from image us-west1-docker.pkg.dev/nba-fantasy-ml/nba-data-pipeline-repo/data-ingestion:latest
[2024-10-28T19:04:02.406+0000] {docker.py:438} INFO - Processing batch 1/1
[2024-10-28T19:04:02.407+0000] {docker.py:438} INFO - Scraping box score: https://www.basketball-reference.com/boxscores/202310240DEN.html for game date 2023-10-24
[2024-10-28T19:04:02.410+0000] {docker.py:438} INFO - Scraping box score: https://www.basketball-reference.com/boxscores/202310240GSW.html for game date 2023-10-24
[2024-10-28T19:04:02.411+0000] {docker.py:438} INFO - Scraping box score: https://www.basketball-reference.com/boxscores/202310250ORL.html for game date 2023-10-25
[2024-10-28T19:04:02.412+0000] {docker.py:438} INFO - Scraping box score: https://www.basketball-reference.com/boxscores/202310250NYK.html for game date 2023-10-25
[2024-10-28T19:04:02.412+0000] {docker.py:438} INFO - Scraping box score: https://www.basketball-reference.com/boxscores/202310250IND.html for game date 2023-10-25
[2024-10-28T19:04:02.413+0000] {docker.py:438} INFO - Scraping box score: https://www.basketball-reference.com/boxscores/202310250CHO.html for game date 2023-10-25
[2024-10-28T19:04:02.413+0000] {docker.py:438} INFO - Scraping box score: https://www.basketball-reference.com/boxscores/202310250MIA.html for game date 2023-10-25
[2024-10-28T19:04:02.414+0000] {docker.py:438} INFO - Scraping box score: https://www.basketball-reference.com/boxscores/202310250TOR.html for game date 2023-10-25
[2024-10-28T19:04:02.414+0000] {docker.py:438} INFO - Scraping box score: https://www.basketball-reference.com/boxscores/202310250BRK.html for game date 2023-10-25
[2024-10-28T19:04:02.415+0000] {docker.py:438} INFO - Scraping box score: https://www.basketball-reference.com/boxscores/202310250MEM.html for game date 2023-10-25
[2024-10-28T19:04:02.416+0000] {docker.py:438} INFO - Skipping incomplete data for ja morant
[2024-10-28T19:04:02.417+0000] {docker.py:438} INFO - Scraping box score: https://www.basketball-reference.com/boxscores/202310250CHI.html for game date 2023-10-25
[2024-10-28T19:04:02.417+0000] {docker.py:438} INFO - Scraping box score: https://www.basketball-reference.com/boxscores/202310250UTA.html for game date 2023-10-25
[2024-10-28T19:04:02.418+0000] {docker.py:438} INFO - Scraping box score: https://www.basketball-reference.com/boxscores/202310250SAS.html for game date 2023-10-25
[2024-10-28T19:04:02.419+0000] {docker.py:438} INFO - Skipping incomplete data for devonte' graham
[2024-10-28T19:04:02.419+0000] {docker.py:438} INFO - Scraping box score: https://www.basketball-reference.com/boxscores/202310250LAC.html for game date 2023-10-25
[2024-10-28T19:04:02.420+0000] {docker.py:438} INFO - File player_box_scores/2023-24/nba_player_stats_2023-24_2023-10-24_to_2023-10-25_2024-10-28_19-04-02.csv successfully uploaded to bucket nba-raw-data
[2024-10-28T19:04:02.420+0000] {docker.py:438} INFO - 2024-10-28 19:04:02,404 - INFO - Data successfully uploaded to MinIO bucket 'nba-raw-data' as 'player_box_scores/2023-24/nba_player_stats_2023-24_2023-10-24_to_2023-10-25_2024-10-28_19-04-02.csv'
[2024-10-28T19:04:02.720+0000] {taskinstance.py:340} INFO - ::group::Post task execution logs
[2024-10-28T19:04:02.721+0000] {taskinstance.py:352} INFO - Marking task as SUCCESS. dag_id=nba_data_pipeline, task_id=run_data_ingestion, run_id=scheduled__2024-10-27T00:00:00+00:00, execution_date=20241027T000000, start_date=20241028T190238, end_date=20241028T190402
[2024-10-28T19:04:02.764+0000] {local_task_job_runner.py:266} INFO - Task exited with return code 0
[2024-10-28T19:04:02.792+0000] {taskinstance.py:3900} INFO - 1 downstream tasks scheduled from follow-on schedule check
[2024-10-28T19:04:02.794+0000] {local_task_job_runner.py:245} INFO - ::endgroup::
[2024-10-28T19:26:35.658+0000] {local_task_job_runner.py:123} INFO - ::group::Pre task execution logs
[2024-10-28T19:26:35.677+0000] {taskinstance.py:2612} INFO - Dependencies all met for dep_context=non-requeueable deps ti=<TaskInstance: nba_data_pipeline.run_data_ingestion scheduled__2024-10-27T00:00:00+00:00 [queued]>
[2024-10-28T19:26:35.686+0000] {taskinstance.py:2612} INFO - Dependencies all met for dep_context=requeueable deps ti=<TaskInstance: nba_data_pipeline.run_data_ingestion scheduled__2024-10-27T00:00:00+00:00 [queued]>
[2024-10-28T19:26:35.687+0000] {taskinstance.py:2865} INFO - Starting attempt 1 of 4
[2024-10-28T19:26:35.701+0000] {taskinstance.py:2888} INFO - Executing <Task(DockerOperator): run_data_ingestion> on 2024-10-27 00:00:00+00:00
[2024-10-28T19:26:35.714+0000] {logging_mixin.py:190} WARNING - /home/airflow/.local/lib/python3.12/site-packages/airflow/task/task_runner/standard_task_runner.py:70 DeprecationWarning: This process (pid=201) is multi-threaded, use of fork() may lead to deadlocks in the child.
[2024-10-28T19:26:35.713+0000] {standard_task_runner.py:104} INFO - Running: ['airflow', 'tasks', 'run', 'nba_data_pipeline', 'run_data_ingestion', 'scheduled__2024-10-27T00:00:00+00:00', '--job-id', '2', '--raw', '--subdir', 'DAGS_FOLDER/nba_data_pipeline.py', '--cfg-path', '/tmp/tmpr3nnqj6v']
[2024-10-28T19:26:35.715+0000] {standard_task_runner.py:72} INFO - Started process 202 to run task
[2024-10-28T19:26:35.716+0000] {standard_task_runner.py:105} INFO - Job 2: Subtask run_data_ingestion
[2024-10-28T19:26:35.767+0000] {task_command.py:467} INFO - Running <TaskInstance: nba_data_pipeline.run_data_ingestion scheduled__2024-10-27T00:00:00+00:00 [running]> on host 08a461fd00d1
[2024-10-28T19:26:35.876+0000] {taskinstance.py:3131} INFO - Exporting env vars: AIRFLOW_CTX_DAG_OWNER='airflow' AIRFLOW_CTX_DAG_ID='nba_data_pipeline' AIRFLOW_CTX_TASK_ID='run_data_ingestion' AIRFLOW_CTX_EXECUTION_DATE='2024-10-27T00:00:00+00:00' AIRFLOW_CTX_TRY_NUMBER='1' AIRFLOW_CTX_DAG_RUN_ID='scheduled__2024-10-27T00:00:00+00:00'
[2024-10-28T19:26:35.877+0000] {taskinstance.py:731} INFO - ::endgroup::
[2024-10-28T19:26:35.917+0000] {docker.py:367} INFO - Starting docker container from image us-west1-docker.pkg.dev/nba-fantasy-ml/nba-data-pipeline-repo/data-ingestion:latest
[2024-10-28T19:28:07.767+0000] {docker.py:438} INFO - Processing batch 1/1
[2024-10-28T19:28:07.767+0000] {docker.py:438} INFO - Scraping box score: https://www.basketball-reference.com/boxscores/202310240DEN.html for game date 2023-10-24
[2024-10-28T19:28:07.768+0000] {docker.py:438} INFO - Scraping box score: https://www.basketball-reference.com/boxscores/202310240GSW.html for game date 2023-10-24
[2024-10-28T19:28:07.768+0000] {docker.py:438} INFO - Scraping box score: https://www.basketball-reference.com/boxscores/202310250ORL.html for game date 2023-10-25
[2024-10-28T19:28:07.769+0000] {docker.py:438} INFO - Scraping box score: https://www.basketball-reference.com/boxscores/202310250NYK.html for game date 2023-10-25
[2024-10-28T19:28:07.769+0000] {docker.py:438} INFO - Scraping box score: https://www.basketball-reference.com/boxscores/202310250IND.html for game date 2023-10-25
[2024-10-28T19:28:07.770+0000] {docker.py:438} INFO - Scraping box score: https://www.basketball-reference.com/boxscores/202310250CHO.html for game date 2023-10-25
[2024-10-28T19:28:07.770+0000] {docker.py:438} INFO - Scraping box score: https://www.basketball-reference.com/boxscores/202310250MIA.html for game date 2023-10-25
[2024-10-28T19:28:07.770+0000] {docker.py:438} INFO - Scraping box score: https://www.basketball-reference.com/boxscores/202310250TOR.html for game date 2023-10-25
[2024-10-28T19:28:07.771+0000] {docker.py:438} INFO - Scraping box score: https://www.basketball-reference.com/boxscores/202310250BRK.html for game date 2023-10-25
[2024-10-28T19:28:07.771+0000] {docker.py:438} INFO - Scraping box score: https://www.basketball-reference.com/boxscores/202310250MEM.html for game date 2023-10-25
[2024-10-28T19:28:07.771+0000] {docker.py:438} INFO - Skipping incomplete data for ja morant
[2024-10-28T19:28:07.772+0000] {docker.py:438} INFO - Scraping box score: https://www.basketball-reference.com/boxscores/202310250CHI.html for game date 2023-10-25
[2024-10-28T19:28:07.772+0000] {docker.py:438} INFO - Scraping box score: https://www.basketball-reference.com/boxscores/202310250UTA.html for game date 2023-10-25
[2024-10-28T19:28:07.773+0000] {docker.py:438} INFO - Scraping box score: https://www.basketball-reference.com/boxscores/202310250SAS.html for game date 2023-10-25
[2024-10-28T19:28:07.773+0000] {docker.py:438} INFO - Skipping incomplete data for devonte' graham
[2024-10-28T19:28:07.774+0000] {docker.py:438} INFO - Scraping box score: https://www.basketball-reference.com/boxscores/202310250LAC.html for game date 2023-10-25
[2024-10-28T19:28:07.774+0000] {docker.py:438} INFO - File player_box_scores/2023-24/nba_player_stats_2023-24_2023-10-24_to_2023-10-25_2024-10-28_19-28-07.csv successfully uploaded to bucket nba-raw-data
[2024-10-28T19:28:07.774+0000] {docker.py:438} INFO - 2024-10-28 19:28:07,765 - INFO - Data successfully uploaded to MinIO bucket 'nba-raw-data' as 'player_box_scores/2023-24/nba_player_stats_2023-24_2023-10-24_to_2023-10-25_2024-10-28_19-28-07.csv'
[2024-10-28T19:28:08.065+0000] {taskinstance.py:340} INFO - ::group::Post task execution logs
[2024-10-28T19:28:08.066+0000] {taskinstance.py:352} INFO - Marking task as SUCCESS. dag_id=nba_data_pipeline, task_id=run_data_ingestion, run_id=scheduled__2024-10-27T00:00:00+00:00, execution_date=20241027T000000, start_date=20241028T192635, end_date=20241028T192808
[2024-10-28T19:28:08.109+0000] {local_task_job_runner.py:266} INFO - Task exited with return code 0
[2024-10-28T19:28:08.130+0000] {taskinstance.py:3900} INFO - 1 downstream tasks scheduled from follow-on schedule check
[2024-10-28T19:28:08.132+0000] {local_task_job_runner.py:245} INFO - ::endgroup::
[2024-10-28T19:33:08.964+0000] {local_task_job_runner.py:123} INFO - ::group::Pre task execution logs
[2024-10-28T19:33:08.983+0000] {taskinstance.py:2612} INFO - Dependencies all met for dep_context=non-requeueable deps ti=<TaskInstance: nba_data_pipeline.run_data_ingestion scheduled__2024-10-27T00:00:00+00:00 [queued]>
[2024-10-28T19:33:08.991+0000] {taskinstance.py:2612} INFO - Dependencies all met for dep_context=requeueable deps ti=<TaskInstance: nba_data_pipeline.run_data_ingestion scheduled__2024-10-27T00:00:00+00:00 [queued]>
[2024-10-28T19:33:08.992+0000] {taskinstance.py:2865} INFO - Starting attempt 1 of 4
[2024-10-28T19:33:09.005+0000] {taskinstance.py:2888} INFO - Executing <Task(DockerOperator): run_data_ingestion> on 2024-10-27 00:00:00+00:00
[2024-10-28T19:33:09.013+0000] {standard_task_runner.py:104} INFO - Running: ['airflow', 'tasks', 'run', 'nba_data_pipeline', 'run_data_ingestion', 'scheduled__2024-10-27T00:00:00+00:00', '--job-id', '2', '--raw', '--subdir', 'DAGS_FOLDER/nba_data_pipeline.py', '--cfg-path', '/tmp/tmpp1eb6xz2']
[2024-10-28T19:33:09.015+0000] {standard_task_runner.py:105} INFO - Job 2: Subtask run_data_ingestion
[2024-10-28T19:33:09.017+0000] {logging_mixin.py:190} WARNING - /home/airflow/.local/lib/python3.12/site-packages/airflow/task/task_runner/standard_task_runner.py:70 DeprecationWarning: This process (pid=204) is multi-threaded, use of fork() may lead to deadlocks in the child.
[2024-10-28T19:33:09.018+0000] {standard_task_runner.py:72} INFO - Started process 205 to run task
[2024-10-28T19:33:09.065+0000] {task_command.py:467} INFO - Running <TaskInstance: nba_data_pipeline.run_data_ingestion scheduled__2024-10-27T00:00:00+00:00 [running]> on host 52c2d351764b
[2024-10-28T19:33:09.163+0000] {taskinstance.py:3131} INFO - Exporting env vars: AIRFLOW_CTX_DAG_OWNER='airflow' AIRFLOW_CTX_DAG_ID='nba_data_pipeline' AIRFLOW_CTX_TASK_ID='run_data_ingestion' AIRFLOW_CTX_EXECUTION_DATE='2024-10-27T00:00:00+00:00' AIRFLOW_CTX_TRY_NUMBER='1' AIRFLOW_CTX_DAG_RUN_ID='scheduled__2024-10-27T00:00:00+00:00'
[2024-10-28T19:33:09.164+0000] {taskinstance.py:731} INFO - ::endgroup::
[2024-10-28T19:33:09.199+0000] {docker.py:367} INFO - Starting docker container from image us-west1-docker.pkg.dev/nba-fantasy-ml/nba-data-pipeline-repo/data-ingestion:latest
[2024-10-28T19:34:23.322+0000] {docker.py:438} INFO - Processing batch 1/1
[2024-10-28T19:34:23.323+0000] {docker.py:438} INFO - Scraping box score: https://www.basketball-reference.com/boxscores/202310240DEN.html for game date 2023-10-24
[2024-10-28T19:34:23.323+0000] {docker.py:438} INFO - Scraping box score: https://www.basketball-reference.com/boxscores/202310240GSW.html for game date 2023-10-24
[2024-10-28T19:34:23.324+0000] {docker.py:438} INFO - Scraping box score: https://www.basketball-reference.com/boxscores/202310250ORL.html for game date 2023-10-25
[2024-10-28T19:34:23.324+0000] {docker.py:438} INFO - Scraping box score: https://www.basketball-reference.com/boxscores/202310250NYK.html for game date 2023-10-25
[2024-10-28T19:34:23.325+0000] {docker.py:438} INFO - Scraping box score: https://www.basketball-reference.com/boxscores/202310250IND.html for game date 2023-10-25
[2024-10-28T19:34:23.325+0000] {docker.py:438} INFO - Scraping box score: https://www.basketball-reference.com/boxscores/202310250CHO.html for game date 2023-10-25
[2024-10-28T19:34:23.326+0000] {docker.py:438} INFO - Scraping box score: https://www.basketball-reference.com/boxscores/202310250MIA.html for game date 2023-10-25
[2024-10-28T19:34:23.326+0000] {docker.py:438} INFO - Scraping box score: https://www.basketball-reference.com/boxscores/202310250TOR.html for game date 2023-10-25
[2024-10-28T19:34:23.327+0000] {docker.py:438} INFO - Scraping box score: https://www.basketball-reference.com/boxscores/202310250BRK.html for game date 2023-10-25
[2024-10-28T19:34:23.327+0000] {docker.py:438} INFO - Scraping box score: https://www.basketball-reference.com/boxscores/202310250MEM.html for game date 2023-10-25
[2024-10-28T19:34:23.328+0000] {docker.py:438} INFO - Skipping incomplete data for ja morant
[2024-10-28T19:34:23.328+0000] {docker.py:438} INFO - Scraping box score: https://www.basketball-reference.com/boxscores/202310250CHI.html for game date 2023-10-25
[2024-10-28T19:34:23.328+0000] {docker.py:438} INFO - Scraping box score: https://www.basketball-reference.com/boxscores/202310250UTA.html for game date 2023-10-25
[2024-10-28T19:34:23.329+0000] {docker.py:438} INFO - Scraping box score: https://www.basketball-reference.com/boxscores/202310250SAS.html for game date 2023-10-25
[2024-10-28T19:34:23.329+0000] {docker.py:438} INFO - Skipping incomplete data for devonte' graham
[2024-10-28T19:34:23.330+0000] {docker.py:438} INFO - Scraping box score: https://www.basketball-reference.com/boxscores/202310250LAC.html for game date 2023-10-25
[2024-10-28T19:34:23.330+0000] {docker.py:438} INFO - Bucket 'nba-raw-data' created successfully
[2024-10-28T19:34:23.330+0000] {docker.py:438} INFO - File player_box_scores/2023-24/nba_player_stats_2023-24_2023-10-24_to_2023-10-25_2024-10-28_19-34-23.csv successfully uploaded to bucket nba-raw-data
[2024-10-28T19:34:23.331+0000] {docker.py:438} INFO - 2024-10-28 19:34:23,320 - INFO - Data successfully uploaded to MinIO bucket 'nba-raw-data' as 'player_box_scores/2023-24/nba_player_stats_2023-24_2023-10-24_to_2023-10-25_2024-10-28_19-34-23.csv'
[2024-10-28T19:34:23.616+0000] {taskinstance.py:340} INFO - ::group::Post task execution logs
[2024-10-28T19:34:23.617+0000] {taskinstance.py:352} INFO - Marking task as SUCCESS. dag_id=nba_data_pipeline, task_id=run_data_ingestion, run_id=scheduled__2024-10-27T00:00:00+00:00, execution_date=20241027T000000, start_date=20241028T193308, end_date=20241028T193423
[2024-10-28T19:34:23.661+0000] {local_task_job_runner.py:266} INFO - Task exited with return code 0
[2024-10-28T19:34:23.685+0000] {taskinstance.py:3900} INFO - 0 downstream tasks scheduled from follow-on schedule check
[2024-10-28T19:34:23.687+0000] {local_task_job_runner.py:245} INFO - ::endgroup::
[2024-10-28T19:50:01.146+0000] {local_task_job_runner.py:123} INFO - ::group::Pre task execution logs
[2024-10-28T19:50:01.165+0000] {taskinstance.py:2612} INFO - Dependencies all met for dep_context=non-requeueable deps ti=<TaskInstance: nba_data_pipeline.run_data_ingestion scheduled__2024-10-27T00:00:00+00:00 [queued]>
[2024-10-28T19:50:01.175+0000] {taskinstance.py:2612} INFO - Dependencies all met for dep_context=requeueable deps ti=<TaskInstance: nba_data_pipeline.run_data_ingestion scheduled__2024-10-27T00:00:00+00:00 [queued]>
[2024-10-28T19:50:01.175+0000] {taskinstance.py:2865} INFO - Starting attempt 1 of 4
[2024-10-28T19:50:01.189+0000] {taskinstance.py:2888} INFO - Executing <Task(DockerOperator): run_data_ingestion> on 2024-10-27 00:00:00+00:00
[2024-10-28T19:50:01.197+0000] {standard_task_runner.py:104} INFO - Running: ['airflow', 'tasks', 'run', 'nba_data_pipeline', 'run_data_ingestion', 'scheduled__2024-10-27T00:00:00+00:00', '--job-id', '2', '--raw', '--subdir', 'DAGS_FOLDER/nba_data_pipeline.py', '--cfg-path', '/tmp/tmp77ess_0b']
[2024-10-28T19:50:01.199+0000] {standard_task_runner.py:105} INFO - Job 2: Subtask run_data_ingestion
[2024-10-28T19:50:01.201+0000] {logging_mixin.py:190} WARNING - /home/airflow/.local/lib/python3.12/site-packages/airflow/task/task_runner/standard_task_runner.py:70 DeprecationWarning: This process (pid=215) is multi-threaded, use of fork() may lead to deadlocks in the child.
[2024-10-28T19:50:01.202+0000] {standard_task_runner.py:72} INFO - Started process 216 to run task
[2024-10-28T19:50:01.252+0000] {task_command.py:467} INFO - Running <TaskInstance: nba_data_pipeline.run_data_ingestion scheduled__2024-10-27T00:00:00+00:00 [running]> on host 6ede0455727a
[2024-10-28T19:50:01.356+0000] {taskinstance.py:3131} INFO - Exporting env vars: AIRFLOW_CTX_DAG_OWNER='airflow' AIRFLOW_CTX_DAG_ID='nba_data_pipeline' AIRFLOW_CTX_TASK_ID='run_data_ingestion' AIRFLOW_CTX_EXECUTION_DATE='2024-10-27T00:00:00+00:00' AIRFLOW_CTX_TRY_NUMBER='1' AIRFLOW_CTX_DAG_RUN_ID='scheduled__2024-10-27T00:00:00+00:00'
[2024-10-28T19:50:01.357+0000] {taskinstance.py:731} INFO - ::endgroup::
[2024-10-28T19:50:01.392+0000] {docker.py:367} INFO - Starting docker container from image us-west1-docker.pkg.dev/nba-fantasy-ml/nba-data-pipeline-repo/data-ingestion:latest
[2024-10-28T19:51:16.651+0000] {docker.py:438} INFO - Processing batch 1/1
[2024-10-28T19:51:16.652+0000] {docker.py:438} INFO - Scraping box score: https://www.basketball-reference.com/boxscores/202310240DEN.html for game date 2023-10-24
[2024-10-28T19:51:16.652+0000] {docker.py:438} INFO - Scraping box score: https://www.basketball-reference.com/boxscores/202310240GSW.html for game date 2023-10-24
[2024-10-28T19:51:16.653+0000] {docker.py:438} INFO - Scraping box score: https://www.basketball-reference.com/boxscores/202310250ORL.html for game date 2023-10-25
[2024-10-28T19:51:16.653+0000] {docker.py:438} INFO - Scraping box score: https://www.basketball-reference.com/boxscores/202310250NYK.html for game date 2023-10-25
[2024-10-28T19:51:16.653+0000] {docker.py:438} INFO - Scraping box score: https://www.basketball-reference.com/boxscores/202310250IND.html for game date 2023-10-25
[2024-10-28T19:51:16.654+0000] {docker.py:438} INFO - Scraping box score: https://www.basketball-reference.com/boxscores/202310250CHO.html for game date 2023-10-25
[2024-10-28T19:51:16.654+0000] {docker.py:438} INFO - Scraping box score: https://www.basketball-reference.com/boxscores/202310250MIA.html for game date 2023-10-25
[2024-10-28T19:51:16.655+0000] {docker.py:438} INFO - Scraping box score: https://www.basketball-reference.com/boxscores/202310250TOR.html for game date 2023-10-25
[2024-10-28T19:51:16.655+0000] {docker.py:438} INFO - Scraping box score: https://www.basketball-reference.com/boxscores/202310250BRK.html for game date 2023-10-25
[2024-10-28T19:51:16.659+0000] {docker.py:438} INFO - Scraping box score: https://www.basketball-reference.com/boxscores/202310250MEM.html for game date 2023-10-25
[2024-10-28T19:51:16.660+0000] {docker.py:438} INFO - Skipping incomplete data for ja morant
[2024-10-28T19:51:16.660+0000] {docker.py:438} INFO - Scraping box score: https://www.basketball-reference.com/boxscores/202310250CHI.html for game date 2023-10-25
[2024-10-28T19:51:16.660+0000] {docker.py:438} INFO - Scraping box score: https://www.basketball-reference.com/boxscores/202310250UTA.html for game date 2023-10-25
[2024-10-28T19:51:16.661+0000] {docker.py:438} INFO - Scraping box score: https://www.basketball-reference.com/boxscores/202310250SAS.html for game date 2023-10-25
[2024-10-28T19:51:16.661+0000] {docker.py:438} INFO - Skipping incomplete data for devonte' graham
[2024-10-28T19:51:16.662+0000] {docker.py:438} INFO - Scraping box score: https://www.basketball-reference.com/boxscores/202310250LAC.html for game date 2023-10-25
[2024-10-28T19:51:16.662+0000] {docker.py:438} INFO - Bucket 'nba-raw-data' created successfully
[2024-10-28T19:51:16.663+0000] {docker.py:438} INFO - File player_box_scores/2023-24/nba_player_stats_2023-24_2023-10-24_to_2023-10-25_2024-10-28_19-51-16.csv successfully uploaded to bucket nba-raw-data
[2024-10-28T19:51:16.663+0000] {docker.py:438} INFO - 2024-10-28 19:51:16,649 - INFO - Data successfully uploaded to MinIO bucket 'nba-raw-data' as 'player_box_scores/2023-24/nba_player_stats_2023-24_2023-10-24_to_2023-10-25_2024-10-28_19-51-16.csv'
[2024-10-28T19:51:16.936+0000] {taskinstance.py:340} INFO - ::group::Post task execution logs
[2024-10-28T19:51:16.937+0000] {taskinstance.py:352} INFO - Marking task as SUCCESS. dag_id=nba_data_pipeline, task_id=run_data_ingestion, run_id=scheduled__2024-10-27T00:00:00+00:00, execution_date=20241027T000000, start_date=20241028T195001, end_date=20241028T195116
[2024-10-28T19:51:16.959+0000] {local_task_job_runner.py:266} INFO - Task exited with return code 0
[2024-10-28T19:51:16.984+0000] {taskinstance.py:3900} INFO - 1 downstream tasks scheduled from follow-on schedule check
[2024-10-28T19:51:16.985+0000] {local_task_job_runner.py:245} INFO - ::endgroup::
[2024-10-28T20:02:13.303+0000] {local_task_job_runner.py:123} INFO - ::group::Pre task execution logs
[2024-10-28T20:02:13.323+0000] {taskinstance.py:2612} INFO - Dependencies all met for dep_context=non-requeueable deps ti=<TaskInstance: nba_data_pipeline.run_data_ingestion scheduled__2024-10-27T00:00:00+00:00 [queued]>
[2024-10-28T20:02:13.331+0000] {taskinstance.py:2612} INFO - Dependencies all met for dep_context=requeueable deps ti=<TaskInstance: nba_data_pipeline.run_data_ingestion scheduled__2024-10-27T00:00:00+00:00 [queued]>
[2024-10-28T20:02:13.332+0000] {taskinstance.py:2865} INFO - Starting attempt 1 of 4
[2024-10-28T20:02:13.346+0000] {taskinstance.py:2888} INFO - Executing <Task(DockerOperator): run_data_ingestion> on 2024-10-27 00:00:00+00:00
[2024-10-28T20:02:13.353+0000] {standard_task_runner.py:104} INFO - Running: ['airflow', 'tasks', 'run', 'nba_data_pipeline', 'run_data_ingestion', 'scheduled__2024-10-27T00:00:00+00:00', '--job-id', '2', '--raw', '--subdir', 'DAGS_FOLDER/nba_data_pipeline.py', '--cfg-path', '/tmp/tmpcvzg3wyt']
[2024-10-28T20:02:13.356+0000] {standard_task_runner.py:105} INFO - Job 2: Subtask run_data_ingestion
[2024-10-28T20:02:13.358+0000] {logging_mixin.py:190} WARNING - /home/airflow/.local/lib/python3.12/site-packages/airflow/task/task_runner/standard_task_runner.py:70 DeprecationWarning: This process (pid=210) is multi-threaded, use of fork() may lead to deadlocks in the child.
[2024-10-28T20:02:13.359+0000] {standard_task_runner.py:72} INFO - Started process 211 to run task
[2024-10-28T20:02:13.406+0000] {task_command.py:467} INFO - Running <TaskInstance: nba_data_pipeline.run_data_ingestion scheduled__2024-10-27T00:00:00+00:00 [running]> on host 04c11e411f10
[2024-10-28T20:02:13.506+0000] {taskinstance.py:3131} INFO - Exporting env vars: AIRFLOW_CTX_DAG_OWNER='airflow' AIRFLOW_CTX_DAG_ID='nba_data_pipeline' AIRFLOW_CTX_TASK_ID='run_data_ingestion' AIRFLOW_CTX_EXECUTION_DATE='2024-10-27T00:00:00+00:00' AIRFLOW_CTX_TRY_NUMBER='1' AIRFLOW_CTX_DAG_RUN_ID='scheduled__2024-10-27T00:00:00+00:00'
[2024-10-28T20:02:13.507+0000] {taskinstance.py:731} INFO - ::endgroup::
[2024-10-28T20:02:13.544+0000] {docker.py:367} INFO - Starting docker container from image us-west1-docker.pkg.dev/nba-fantasy-ml/nba-data-pipeline-repo/data-ingestion:latest
[2024-10-28T20:03:38.573+0000] {docker.py:438} INFO - Processing batch 1/1
[2024-10-28T20:03:38.574+0000] {docker.py:438} INFO - Scraping box score: https://www.basketball-reference.com/boxscores/202310240DEN.html for game date 2023-10-24
[2024-10-28T20:03:38.574+0000] {docker.py:438} INFO - Scraping box score: https://www.basketball-reference.com/boxscores/202310240GSW.html for game date 2023-10-24
[2024-10-28T20:03:38.574+0000] {docker.py:438} INFO - Scraping box score: https://www.basketball-reference.com/boxscores/202310250ORL.html for game date 2023-10-25
[2024-10-28T20:03:38.575+0000] {docker.py:438} INFO - Scraping box score: https://www.basketball-reference.com/boxscores/202310250NYK.html for game date 2023-10-25
[2024-10-28T20:03:38.575+0000] {docker.py:438} INFO - Scraping box score: https://www.basketball-reference.com/boxscores/202310250IND.html for game date 2023-10-25
[2024-10-28T20:03:38.576+0000] {docker.py:438} INFO - Scraping box score: https://www.basketball-reference.com/boxscores/202310250CHO.html for game date 2023-10-25
[2024-10-28T20:03:38.576+0000] {docker.py:438} INFO - Scraping box score: https://www.basketball-reference.com/boxscores/202310250MIA.html for game date 2023-10-25
[2024-10-28T20:03:38.577+0000] {docker.py:438} INFO - Scraping box score: https://www.basketball-reference.com/boxscores/202310250TOR.html for game date 2023-10-25
[2024-10-28T20:03:38.577+0000] {docker.py:438} INFO - Scraping box score: https://www.basketball-reference.com/boxscores/202310250BRK.html for game date 2023-10-25
[2024-10-28T20:03:38.578+0000] {docker.py:438} INFO - Scraping box score: https://www.basketball-reference.com/boxscores/202310250MEM.html for game date 2023-10-25
[2024-10-28T20:03:38.578+0000] {docker.py:438} INFO - Skipping incomplete data for ja morant
[2024-10-28T20:03:38.578+0000] {docker.py:438} INFO - Scraping box score: https://www.basketball-reference.com/boxscores/202310250CHI.html for game date 2023-10-25
[2024-10-28T20:03:38.579+0000] {docker.py:438} INFO - Scraping box score: https://www.basketball-reference.com/boxscores/202310250UTA.html for game date 2023-10-25
[2024-10-28T20:03:38.579+0000] {docker.py:438} INFO - Scraping box score: https://www.basketball-reference.com/boxscores/202310250SAS.html for game date 2023-10-25
[2024-10-28T20:03:38.580+0000] {docker.py:438} INFO - Skipping incomplete data for devonte' graham
[2024-10-28T20:03:38.580+0000] {docker.py:438} INFO - Scraping box score: https://www.basketball-reference.com/boxscores/202310250LAC.html for game date 2023-10-25
[2024-10-28T20:03:38.580+0000] {docker.py:438} INFO - File player_box_scores/2023-24/nba_player_stats_2023-24_2023-10-24_to_2023-10-25_2024-10-28_20-03-38.csv successfully uploaded to bucket nba-raw-data
[2024-10-28T20:03:38.581+0000] {docker.py:438} INFO - 2024-10-28 20:03:38,570 - INFO - Data successfully uploaded to MinIO bucket 'nba-raw-data' as 'player_box_scores/2023-24/nba_player_stats_2023-24_2023-10-24_to_2023-10-25_2024-10-28_20-03-38.csv'
[2024-10-28T20:03:38.956+0000] {taskinstance.py:340} INFO - ::group::Post task execution logs
[2024-10-28T20:03:38.957+0000] {taskinstance.py:352} INFO - Marking task as SUCCESS. dag_id=nba_data_pipeline, task_id=run_data_ingestion, run_id=scheduled__2024-10-27T00:00:00+00:00, execution_date=20241027T000000, start_date=20241028T200213, end_date=20241028T200338
[2024-10-28T20:03:38.981+0000] {local_task_job_runner.py:266} INFO - Task exited with return code 0
[2024-10-28T20:03:39.004+0000] {taskinstance.py:3900} INFO - 1 downstream tasks scheduled from follow-on schedule check
[2024-10-28T20:03:39.006+0000] {local_task_job_runner.py:245} INFO - ::endgroup::
[2024-10-28T20:22:38.833+0000] {local_task_job_runner.py:123} INFO - ::group::Pre task execution logs
[2024-10-28T20:22:38.854+0000] {taskinstance.py:2612} INFO - Dependencies all met for dep_context=non-requeueable deps ti=<TaskInstance: nba_data_pipeline.run_data_ingestion scheduled__2024-10-27T00:00:00+00:00 [queued]>
[2024-10-28T20:22:38.865+0000] {taskinstance.py:2612} INFO - Dependencies all met for dep_context=requeueable deps ti=<TaskInstance: nba_data_pipeline.run_data_ingestion scheduled__2024-10-27T00:00:00+00:00 [queued]>
[2024-10-28T20:22:38.866+0000] {taskinstance.py:2865} INFO - Starting attempt 1 of 4
[2024-10-28T20:22:38.895+0000] {taskinstance.py:2888} INFO - Executing <Task(DockerOperator): run_data_ingestion> on 2024-10-27 00:00:00+00:00
[2024-10-28T20:22:38.903+0000] {standard_task_runner.py:104} INFO - Running: ['airflow', 'tasks', 'run', 'nba_data_pipeline', 'run_data_ingestion', 'scheduled__2024-10-27T00:00:00+00:00', '--job-id', '2', '--raw', '--subdir', 'DAGS_FOLDER/nba_data_pipeline.py', '--cfg-path', '/tmp/tmpyzfjsfe2']
[2024-10-28T20:22:38.908+0000] {standard_task_runner.py:105} INFO - Job 2: Subtask run_data_ingestion
[2024-10-28T20:22:38.911+0000] {logging_mixin.py:190} WARNING - /home/airflow/.local/lib/python3.12/site-packages/airflow/task/task_runner/standard_task_runner.py:70 DeprecationWarning: This process (pid=210) is multi-threaded, use of fork() may lead to deadlocks in the child.
[2024-10-28T20:22:38.913+0000] {standard_task_runner.py:72} INFO - Started process 211 to run task
[2024-10-28T20:22:39.045+0000] {task_command.py:467} INFO - Running <TaskInstance: nba_data_pipeline.run_data_ingestion scheduled__2024-10-27T00:00:00+00:00 [running]> on host 0d2c6c54d649
[2024-10-28T20:22:39.203+0000] {taskinstance.py:3131} INFO - Exporting env vars: AIRFLOW_CTX_DAG_OWNER='airflow' AIRFLOW_CTX_DAG_ID='nba_data_pipeline' AIRFLOW_CTX_TASK_ID='run_data_ingestion' AIRFLOW_CTX_EXECUTION_DATE='2024-10-27T00:00:00+00:00' AIRFLOW_CTX_TRY_NUMBER='1' AIRFLOW_CTX_DAG_RUN_ID='scheduled__2024-10-27T00:00:00+00:00'
[2024-10-28T20:22:39.205+0000] {taskinstance.py:731} INFO - ::endgroup::
[2024-10-28T20:22:39.276+0000] {docker.py:367} INFO - Starting docker container from image us-west1-docker.pkg.dev/nba-fantasy-ml/nba-data-pipeline-repo/data-ingestion:latest
[2024-10-28T20:26:21.712+0000] {docker.py:438} INFO - Processing batch 1/1
[2024-10-28T20:26:21.713+0000] {docker.py:438} INFO - Scraping box score: https://www.basketball-reference.com/boxscores/202410220BOS.html for game date 2024-10-22
[2024-10-28T20:26:21.714+0000] {docker.py:438} INFO - Scraping box score: https://www.basketball-reference.com/boxscores/202410220LAL.html for game date 2024-10-22
[2024-10-28T20:26:21.714+0000] {docker.py:438} INFO - Scraping box score: https://www.basketball-reference.com/boxscores/202410230DET.html for game date 2024-10-23
[2024-10-28T20:26:21.714+0000] {docker.py:438} INFO - Scraping box score: https://www.basketball-reference.com/boxscores/202410230ATL.html for game date 2024-10-23
[2024-10-28T20:26:21.715+0000] {docker.py:438} INFO - Scraping box score: https://www.basketball-reference.com/boxscores/202410230MIA.html for game date 2024-10-23
[2024-10-28T20:26:21.715+0000] {docker.py:438} INFO - Skipping incomplete data for kevin love
[2024-10-28T20:26:21.716+0000] {docker.py:438} INFO - Skipping incomplete data for josh richardson
[2024-10-28T20:26:21.716+0000] {docker.py:438} INFO - Scraping box score: https://www.basketball-reference.com/boxscores/202410230PHI.html for game date 2024-10-23
[2024-10-28T20:26:21.716+0000] {docker.py:438} INFO - Scraping box score: https://www.basketball-reference.com/boxscores/202410230TOR.html for game date 2024-10-23
[2024-10-28T20:26:21.717+0000] {docker.py:438} INFO - Scraping box score: https://www.basketball-reference.com/boxscores/202410230HOU.html for game date 2024-10-23
[2024-10-28T20:26:21.717+0000] {docker.py:438} INFO - Scraping box score: https://www.basketball-reference.com/boxscores/202410230NOP.html for game date 2024-10-23
[2024-10-28T20:26:21.718+0000] {docker.py:438} INFO - Scraping box score: https://www.basketball-reference.com/boxscores/202410230UTA.html for game date 2024-10-23
[2024-10-28T20:26:21.718+0000] {docker.py:438} INFO - Scraping box score: https://www.basketball-reference.com/boxscores/202410230LAC.html for game date 2024-10-23
[2024-10-28T20:26:21.718+0000] {docker.py:438} INFO - Scraping box score: https://www.basketball-reference.com/boxscores/202410230POR.html for game date 2024-10-23
[2024-10-28T20:26:21.719+0000] {docker.py:438} INFO - Skipping incomplete data for shaedon sharpe
[2024-10-28T20:26:21.719+0000] {docker.py:438} INFO - Skipping incomplete data for matisse thybulle
[2024-10-28T20:26:21.719+0000] {docker.py:438} INFO - Skipping incomplete data for robert williams
[2024-10-28T20:26:21.720+0000] {docker.py:438} INFO - Scraping box score: https://www.basketball-reference.com/boxscores/202410240WAS.html for game date 2024-10-24
[2024-10-28T20:26:21.720+0000] {docker.py:438} INFO - Scraping box score: https://www.basketball-reference.com/boxscores/202410240DAL.html for game date 2024-10-24
[2024-10-28T20:26:21.721+0000] {docker.py:438} INFO - Scraping box score: https://www.basketball-reference.com/boxscores/202410240SAC.html for game date 2024-10-24
[2024-10-28T20:26:21.721+0000] {docker.py:438} INFO - Scraping box score: https://www.basketball-reference.com/boxscores/202410240DEN.html for game date 2024-10-24
[2024-10-28T20:26:21.721+0000] {docker.py:438} INFO - Scraping box score: https://www.basketball-reference.com/boxscores/202410250ORL.html for game date 2024-10-25
[2024-10-28T20:26:21.722+0000] {docker.py:438} INFO - Scraping box score: https://www.basketball-reference.com/boxscores/202410250TOR.html for game date 2024-10-25
[2024-10-28T20:26:21.722+0000] {docker.py:438} INFO - Scraping box score: https://www.basketball-reference.com/boxscores/202410250ATL.html for game date 2024-10-25
[2024-10-28T20:26:21.723+0000] {docker.py:438} INFO - Scraping box score: https://www.basketball-reference.com/boxscores/202410250CLE.html for game date 2024-10-25
[2024-10-28T20:26:21.723+0000] {docker.py:438} INFO - Scraping box score: https://www.basketball-reference.com/boxscores/202410250NYK.html for game date 2024-10-25
[2024-10-28T20:26:21.723+0000] {docker.py:438} INFO - Scraping box score: https://www.basketball-reference.com/boxscores/202410250HOU.html for game date 2024-10-25
[2024-10-28T20:26:21.724+0000] {docker.py:438} INFO - Scraping box score: https://www.basketball-reference.com/boxscores/202410250MIL.html for game date 2024-10-25
[2024-10-28T20:26:21.724+0000] {docker.py:438} INFO - Scraping box score: https://www.basketball-reference.com/boxscores/202410250UTA.html for game date 2024-10-25
[2024-10-28T20:26:21.725+0000] {docker.py:438} INFO - Scraping box score: https://www.basketball-reference.com/boxscores/202410250LAL.html for game date 2024-10-25
[2024-10-28T20:26:21.725+0000] {docker.py:438} INFO - Scraping box score: https://www.basketball-reference.com/boxscores/202410250POR.html for game date 2024-10-25
[2024-10-28T20:26:21.726+0000] {docker.py:438} INFO - Skipping incomplete data for shaedon sharpe
[2024-10-28T20:26:21.726+0000] {docker.py:438} INFO - Skipping incomplete data for matisse thybulle
[2024-10-28T20:26:21.726+0000] {docker.py:438} INFO - Skipping incomplete data for robert williams
[2024-10-28T20:26:21.727+0000] {docker.py:438} INFO - Scraping box score: https://www.basketball-reference.com/boxscores/202410260DEN.html for game date 2024-10-26
[2024-10-28T20:26:21.727+0000] {docker.py:438} INFO - Scraping box score: https://www.basketball-reference.com/boxscores/202410260WAS.html for game date 2024-10-26
[2024-10-28T20:26:21.727+0000] {docker.py:438} INFO - Scraping box score: https://www.basketball-reference.com/boxscores/202410260DET.html for game date 2024-10-26
[2024-10-28T20:26:21.728+0000] {docker.py:438} INFO - Scraping box score: https://www.basketball-reference.com/boxscores/202410260CHO.html for game date 2024-10-26
[2024-10-28T20:26:21.728+0000] {docker.py:438} INFO - Skipping incomplete data for josh richardson
[2024-10-28T20:26:21.730+0000] {docker.py:438} INFO - Skipping incomplete data for kel'el ware
[2024-10-28T20:26:21.731+0000] {docker.py:438} INFO - Scraping box score: https://www.basketball-reference.com/boxscores/202410260MEM.html for game date 2024-10-26
[2024-10-28T20:26:21.731+0000] {docker.py:438} INFO - Scraping box score: https://www.basketball-reference.com/boxscores/202410260MIN.html for game date 2024-10-26
[2024-10-28T20:26:21.732+0000] {docker.py:438} INFO - Scraping box score: https://www.basketball-reference.com/boxscores/202410260CHI.html for game date 2024-10-26
[2024-10-28T20:26:21.732+0000] {docker.py:438} INFO - Scraping box score: https://www.basketball-reference.com/boxscores/202410260SAS.html for game date 2024-10-26
[2024-10-28T20:26:21.732+0000] {docker.py:438} INFO - Scraping box score: https://www.basketball-reference.com/boxscores/202410260PHO.html for game date 2024-10-26
[2024-10-28T20:26:21.733+0000] {docker.py:438} INFO - Scraping box score: https://www.basketball-reference.com/boxscores/202410260LAL.html for game date 2024-10-26
[2024-10-28T20:26:21.733+0000] {docker.py:438} INFO - Scraping box score: https://www.basketball-reference.com/boxscores/202410270IND.html for game date 2024-10-27
[2024-10-28T20:26:21.734+0000] {docker.py:438} INFO - Scraping box score: https://www.basketball-reference.com/boxscores/202410270POR.html for game date 2024-10-27
[2024-10-28T20:26:21.734+0000] {docker.py:438} INFO - Skipping incomplete data for shaedon sharpe
[2024-10-28T20:26:21.735+0000] {docker.py:438} INFO - Skipping incomplete data for matisse thybulle
[2024-10-28T20:26:21.735+0000] {docker.py:438} INFO - Skipping incomplete data for robert williams
[2024-10-28T20:26:21.736+0000] {docker.py:438} INFO - Scraping box score: https://www.basketball-reference.com/boxscores/202410270BRK.html for game date 2024-10-27
[2024-10-28T20:26:21.737+0000] {docker.py:438} INFO - Scraping box score: https://www.basketball-reference.com/boxscores/202410270OKC.html for game date 2024-10-27
[2024-10-28T20:26:21.737+0000] {docker.py:438} INFO - Scraping box score: https://www.basketball-reference.com/boxscores/202410270GSW.html for game date 2024-10-27
[2024-10-28T20:26:21.737+0000] {docker.py:438} INFO - File player_box_scores/2024-25/nba_player_stats_2024-25_2024-10-22_to_2024-10-31_2024-10-28_20-26-21.csv successfully uploaded to bucket nba-raw-data
[2024-10-28T20:26:21.738+0000] {docker.py:438} INFO - 2024-10-28 20:26:21,710 - INFO - Data successfully uploaded to MinIO bucket 'nba-raw-data' as 'player_box_scores/2024-25/nba_player_stats_2024-25_2024-10-22_to_2024-10-31_2024-10-28_20-26-21.csv'
[2024-10-28T20:26:22.001+0000] {taskinstance.py:340} INFO - ::group::Post task execution logs
[2024-10-28T20:26:22.001+0000] {taskinstance.py:352} INFO - Marking task as SUCCESS. dag_id=nba_data_pipeline, task_id=run_data_ingestion, run_id=scheduled__2024-10-27T00:00:00+00:00, execution_date=20241027T000000, start_date=20241028T202238, end_date=20241028T202622
[2024-10-28T20:26:22.041+0000] {local_task_job_runner.py:266} INFO - Task exited with return code 0
[2024-10-28T20:26:22.064+0000] {taskinstance.py:3900} INFO - 1 downstream tasks scheduled from follow-on schedule check
[2024-10-28T20:26:22.066+0000] {local_task_job_runner.py:245} INFO - ::endgroup::
[2024-10-28T23:17:09.937+0000] {local_task_job_runner.py:123} INFO - ::group::Pre task execution logs
[2024-10-28T23:17:09.958+0000] {taskinstance.py:2612} INFO - Dependencies all met for dep_context=non-requeueable deps ti=<TaskInstance: nba_data_pipeline.run_data_ingestion scheduled__2024-10-27T00:00:00+00:00 [queued]>
[2024-10-28T23:17:09.968+0000] {taskinstance.py:2612} INFO - Dependencies all met for dep_context=requeueable deps ti=<TaskInstance: nba_data_pipeline.run_data_ingestion scheduled__2024-10-27T00:00:00+00:00 [queued]>
[2024-10-28T23:17:09.969+0000] {taskinstance.py:2865} INFO - Starting attempt 1 of 4
[2024-10-28T23:17:09.984+0000] {taskinstance.py:2888} INFO - Executing <Task(DockerOperator): run_data_ingestion> on 2024-10-27 00:00:00+00:00
[2024-10-28T23:17:09.991+0000] {standard_task_runner.py:104} INFO - Running: ['airflow', 'tasks', 'run', 'nba_data_pipeline', 'run_data_ingestion', 'scheduled__2024-10-27T00:00:00+00:00', '--job-id', '2', '--raw', '--subdir', 'DAGS_FOLDER/nba_data_pipeline.py', '--cfg-path', '/tmp/tmps6ddu50w']
[2024-10-28T23:17:09.994+0000] {standard_task_runner.py:105} INFO - Job 2: Subtask run_data_ingestion
[2024-10-28T23:17:09.996+0000] {logging_mixin.py:190} WARNING - /home/airflow/.local/lib/python3.12/site-packages/airflow/task/task_runner/standard_task_runner.py:70 DeprecationWarning: This process (pid=205) is multi-threaded, use of fork() may lead to deadlocks in the child.
[2024-10-28T23:17:09.997+0000] {standard_task_runner.py:72} INFO - Started process 206 to run task
[2024-10-28T23:17:10.047+0000] {task_command.py:467} INFO - Running <TaskInstance: nba_data_pipeline.run_data_ingestion scheduled__2024-10-27T00:00:00+00:00 [running]> on host 44df9b1c6fbe
[2024-10-28T23:17:10.154+0000] {taskinstance.py:3131} INFO - Exporting env vars: AIRFLOW_CTX_DAG_OWNER='airflow' AIRFLOW_CTX_DAG_ID='nba_data_pipeline' AIRFLOW_CTX_TASK_ID='run_data_ingestion' AIRFLOW_CTX_EXECUTION_DATE='2024-10-27T00:00:00+00:00' AIRFLOW_CTX_TRY_NUMBER='1' AIRFLOW_CTX_DAG_RUN_ID='scheduled__2024-10-27T00:00:00+00:00'
[2024-10-28T23:17:10.155+0000] {taskinstance.py:731} INFO - ::endgroup::
[2024-10-28T23:17:10.198+0000] {docker.py:367} INFO - Starting docker container from image us-west1-docker.pkg.dev/nba-fantasy-ml/nba-data-pipeline-repo/data-ingestion:latest
[2024-10-28T23:17:11.168+0000] {docker.py:438} INFO - 2024-10-28 23:17:11,167 - ERROR - Error in data ingestion: [Errno 2] No such file or directory: '/app/config/data_ingestion/scraping_config.yml'
[2024-10-28T23:17:11.375+0000] {taskinstance.py:3310} ERROR - Task failed with exception
Traceback (most recent call last):
  File "/home/airflow/.local/lib/python3.12/site-packages/airflow/models/taskinstance.py", line 767, in _execute_task
    result = _execute_callable(context=context, **execute_callable_kwargs)
             ^^^^^^^^^^^^^^^^^^^^^^^^^^^^^^^^^^^^^^^^^^^^^^^^^^^^^^^^^^^^^
  File "/home/airflow/.local/lib/python3.12/site-packages/airflow/models/taskinstance.py", line 733, in _execute_callable
    return ExecutionCallableRunner(
           ^^^^^^^^^^^^^^^^^^^^^^^^
  File "/home/airflow/.local/lib/python3.12/site-packages/airflow/utils/operator_helpers.py", line 252, in run
    return self.func(*args, **kwargs)
           ^^^^^^^^^^^^^^^^^^^^^^^^^^
  File "/home/airflow/.local/lib/python3.12/site-packages/airflow/models/baseoperator.py", line 406, in wrapper
    return func(self, *args, **kwargs)
           ^^^^^^^^^^^^^^^^^^^^^^^^^^^
  File "/home/airflow/.local/lib/python3.12/site-packages/airflow/providers/docker/operators/docker.py", line 513, in execute
    return self._run_image()
           ^^^^^^^^^^^^^^^^^
  File "/home/airflow/.local/lib/python3.12/site-packages/airflow/providers/docker/operators/docker.py", line 384, in _run_image
    return self._run_image_with_mounts(self.mounts, add_tmp_variable=False)
           ^^^^^^^^^^^^^^^^^^^^^^^^^^^^^^^^^^^^^^^^^^^^^^^^^^^^^^^^^^^^^^^^
  File "/home/airflow/.local/lib/python3.12/site-packages/airflow/providers/docker/operators/docker.py", line 446, in _run_image_with_mounts
    raise DockerContainerFailedException(f"Docker container failed: {result!r}", logs=log_lines)
airflow.providers.docker.exceptions.DockerContainerFailedException: Docker container failed: {'StatusCode': 1}
[2024-10-28T23:17:11.385+0000] {taskinstance.py:1225} INFO - Marking task as UP_FOR_RETRY. dag_id=nba_data_pipeline, task_id=run_data_ingestion, run_id=scheduled__2024-10-27T00:00:00+00:00, execution_date=20241027T000000, start_date=20241028T231709, end_date=20241028T231711
[2024-10-28T23:17:11.426+0000] {taskinstance.py:340} INFO - ::group::Post task execution logs
[2024-10-28T23:17:11.427+0000] {standard_task_runner.py:124} ERROR - Failed to execute job 2 for task run_data_ingestion (Docker container failed: {'StatusCode': 1}; 206)
Traceback (most recent call last):
  File "/home/airflow/.local/lib/python3.12/site-packages/airflow/task/task_runner/standard_task_runner.py", line 117, in _start_by_fork
    ret = args.func(args, dag=self.dag)
          ^^^^^^^^^^^^^^^^^^^^^^^^^^^^^
  File "/home/airflow/.local/lib/python3.12/site-packages/airflow/cli/cli_config.py", line 49, in command
    return func(*args, **kwargs)
           ^^^^^^^^^^^^^^^^^^^^^
  File "/home/airflow/.local/lib/python3.12/site-packages/airflow/utils/cli.py", line 115, in wrapper
    return f(*args, **kwargs)
           ^^^^^^^^^^^^^^^^^^
  File "/home/airflow/.local/lib/python3.12/site-packages/airflow/cli/commands/task_command.py", line 483, in task_run
    task_return_code = _run_task_by_selected_method(args, _dag, ti)
                       ^^^^^^^^^^^^^^^^^^^^^^^^^^^^^^^^^^^^^^^^^^^^
  File "/home/airflow/.local/lib/python3.12/site-packages/airflow/cli/commands/task_command.py", line 256, in _run_task_by_selected_method
    return _run_raw_task(args, ti)
           ^^^^^^^^^^^^^^^^^^^^^^^
  File "/home/airflow/.local/lib/python3.12/site-packages/airflow/cli/commands/task_command.py", line 341, in _run_raw_task
    return ti._run_raw_task(
           ^^^^^^^^^^^^^^^^^
  File "/home/airflow/.local/lib/python3.12/site-packages/airflow/utils/session.py", line 97, in wrapper
    return func(*args, session=session, **kwargs)
           ^^^^^^^^^^^^^^^^^^^^^^^^^^^^^^^^^^^^^^
  File "/home/airflow/.local/lib/python3.12/site-packages/airflow/models/taskinstance.py", line 3004, in _run_raw_task
    return _run_raw_task(
           ^^^^^^^^^^^^^^
  File "/home/airflow/.local/lib/python3.12/site-packages/airflow/models/taskinstance.py", line 273, in _run_raw_task
    TaskInstance._execute_task_with_callbacks(
  File "/home/airflow/.local/lib/python3.12/site-packages/airflow/models/taskinstance.py", line 3158, in _execute_task_with_callbacks
    result = self._execute_task(context, task_orig)
             ^^^^^^^^^^^^^^^^^^^^^^^^^^^^^^^^^^^^^^
  File "/home/airflow/.local/lib/python3.12/site-packages/airflow/models/taskinstance.py", line 3182, in _execute_task
    return _execute_task(self, context, task_orig)
           ^^^^^^^^^^^^^^^^^^^^^^^^^^^^^^^^^^^^^^^
  File "/home/airflow/.local/lib/python3.12/site-packages/airflow/models/taskinstance.py", line 767, in _execute_task
    result = _execute_callable(context=context, **execute_callable_kwargs)
             ^^^^^^^^^^^^^^^^^^^^^^^^^^^^^^^^^^^^^^^^^^^^^^^^^^^^^^^^^^^^^
  File "/home/airflow/.local/lib/python3.12/site-packages/airflow/models/taskinstance.py", line 733, in _execute_callable
    return ExecutionCallableRunner(
           ^^^^^^^^^^^^^^^^^^^^^^^^
  File "/home/airflow/.local/lib/python3.12/site-packages/airflow/utils/operator_helpers.py", line 252, in run
    return self.func(*args, **kwargs)
           ^^^^^^^^^^^^^^^^^^^^^^^^^^
  File "/home/airflow/.local/lib/python3.12/site-packages/airflow/models/baseoperator.py", line 406, in wrapper
    return func(self, *args, **kwargs)
           ^^^^^^^^^^^^^^^^^^^^^^^^^^^
  File "/home/airflow/.local/lib/python3.12/site-packages/airflow/providers/docker/operators/docker.py", line 513, in execute
    return self._run_image()
           ^^^^^^^^^^^^^^^^^
  File "/home/airflow/.local/lib/python3.12/site-packages/airflow/providers/docker/operators/docker.py", line 384, in _run_image
    return self._run_image_with_mounts(self.mounts, add_tmp_variable=False)
           ^^^^^^^^^^^^^^^^^^^^^^^^^^^^^^^^^^^^^^^^^^^^^^^^^^^^^^^^^^^^^^^^
  File "/home/airflow/.local/lib/python3.12/site-packages/airflow/providers/docker/operators/docker.py", line 446, in _run_image_with_mounts
    raise DockerContainerFailedException(f"Docker container failed: {result!r}", logs=log_lines)
airflow.providers.docker.exceptions.DockerContainerFailedException: Docker container failed: {'StatusCode': 1}
[2024-10-28T23:17:11.452+0000] {local_task_job_runner.py:266} INFO - Task exited with return code 1
[2024-10-28T23:17:11.479+0000] {taskinstance.py:3900} INFO - 0 downstream tasks scheduled from follow-on schedule check
[2024-10-28T23:17:11.480+0000] {local_task_job_runner.py:245} INFO - ::endgroup::
[2024-10-28T23:28:18.344+0000] {local_task_job_runner.py:123} INFO - ::group::Pre task execution logs
[2024-10-28T23:28:18.366+0000] {taskinstance.py:2612} INFO - Dependencies all met for dep_context=non-requeueable deps ti=<TaskInstance: nba_data_pipeline.run_data_ingestion scheduled__2024-10-27T00:00:00+00:00 [queued]>
[2024-10-28T23:28:18.378+0000] {taskinstance.py:2612} INFO - Dependencies all met for dep_context=requeueable deps ti=<TaskInstance: nba_data_pipeline.run_data_ingestion scheduled__2024-10-27T00:00:00+00:00 [queued]>
[2024-10-28T23:28:18.378+0000] {taskinstance.py:2865} INFO - Starting attempt 1 of 4
[2024-10-28T23:28:18.396+0000] {taskinstance.py:2888} INFO - Executing <Task(DockerOperator): run_data_ingestion> on 2024-10-27 00:00:00+00:00
[2024-10-28T23:28:18.404+0000] {standard_task_runner.py:104} INFO - Running: ['airflow', 'tasks', 'run', 'nba_data_pipeline', 'run_data_ingestion', 'scheduled__2024-10-27T00:00:00+00:00', '--job-id', '2', '--raw', '--subdir', 'DAGS_FOLDER/nba_data_pipeline.py', '--cfg-path', '/tmp/tmpvsgjb1dw']
[2024-10-28T23:28:18.407+0000] {standard_task_runner.py:105} INFO - Job 2: Subtask run_data_ingestion
[2024-10-28T23:28:18.409+0000] {logging_mixin.py:190} WARNING - /home/airflow/.local/lib/python3.12/site-packages/airflow/task/task_runner/standard_task_runner.py:70 DeprecationWarning: This process (pid=230) is multi-threaded, use of fork() may lead to deadlocks in the child.
[2024-10-28T23:28:18.410+0000] {standard_task_runner.py:72} INFO - Started process 231 to run task
[2024-10-28T23:28:18.464+0000] {task_command.py:467} INFO - Running <TaskInstance: nba_data_pipeline.run_data_ingestion scheduled__2024-10-27T00:00:00+00:00 [running]> on host 7adf3670d39a
[2024-10-28T23:28:18.586+0000] {taskinstance.py:3131} INFO - Exporting env vars: AIRFLOW_CTX_DAG_OWNER='airflow' AIRFLOW_CTX_DAG_ID='nba_data_pipeline' AIRFLOW_CTX_TASK_ID='run_data_ingestion' AIRFLOW_CTX_EXECUTION_DATE='2024-10-27T00:00:00+00:00' AIRFLOW_CTX_TRY_NUMBER='1' AIRFLOW_CTX_DAG_RUN_ID='scheduled__2024-10-27T00:00:00+00:00'
[2024-10-28T23:28:18.587+0000] {taskinstance.py:731} INFO - ::endgroup::
[2024-10-28T23:28:18.625+0000] {docker.py:367} INFO - Starting docker container from image us-west1-docker.pkg.dev/nba-fantasy-ml/nba-data-pipeline-repo/data-ingestion:latest
[2024-10-28T23:32:23.495+0000] {docker.py:438} INFO - Processing batch 1/1
[2024-10-28T23:32:23.495+0000] {docker.py:438} INFO - Scraping box score: https://www.basketball-reference.com/boxscores/202410220BOS.html for game date 2024-10-22
[2024-10-28T23:32:23.496+0000] {docker.py:438} INFO - Scraping box score: https://www.basketball-reference.com/boxscores/202410220LAL.html for game date 2024-10-22
[2024-10-28T23:32:23.496+0000] {docker.py:438} INFO - Scraping box score: https://www.basketball-reference.com/boxscores/202410230DET.html for game date 2024-10-23
[2024-10-28T23:32:23.497+0000] {docker.py:438} INFO - Scraping box score: https://www.basketball-reference.com/boxscores/202410230ATL.html for game date 2024-10-23
[2024-10-28T23:32:23.497+0000] {docker.py:438} INFO - Scraping box score: https://www.basketball-reference.com/boxscores/202410230MIA.html for game date 2024-10-23
[2024-10-28T23:32:23.498+0000] {docker.py:438} INFO - Skipping incomplete data for kevin love
[2024-10-28T23:32:23.498+0000] {docker.py:438} INFO - Skipping incomplete data for josh richardson
[2024-10-28T23:32:23.499+0000] {docker.py:438} INFO - Scraping box score: https://www.basketball-reference.com/boxscores/202410230PHI.html for game date 2024-10-23
[2024-10-28T23:32:23.499+0000] {docker.py:438} INFO - Scraping box score: https://www.basketball-reference.com/boxscores/202410230TOR.html for game date 2024-10-23
[2024-10-28T23:32:23.499+0000] {docker.py:438} INFO - Scraping box score: https://www.basketball-reference.com/boxscores/202410230HOU.html for game date 2024-10-23
[2024-10-28T23:32:23.500+0000] {docker.py:438} INFO - Scraping box score: https://www.basketball-reference.com/boxscores/202410230NOP.html for game date 2024-10-23
[2024-10-28T23:32:23.500+0000] {docker.py:438} INFO - Scraping box score: https://www.basketball-reference.com/boxscores/202410230UTA.html for game date 2024-10-23
[2024-10-28T23:32:23.501+0000] {docker.py:438} INFO - Scraping box score: https://www.basketball-reference.com/boxscores/202410230LAC.html for game date 2024-10-23
[2024-10-28T23:32:23.501+0000] {docker.py:438} INFO - Scraping box score: https://www.basketball-reference.com/boxscores/202410230POR.html for game date 2024-10-23
[2024-10-28T23:32:23.501+0000] {docker.py:438} INFO - Skipping incomplete data for shaedon sharpe
[2024-10-28T23:32:23.502+0000] {docker.py:438} INFO - Skipping incomplete data for matisse thybulle
[2024-10-28T23:32:23.502+0000] {docker.py:438} INFO - Skipping incomplete data for robert williams
[2024-10-28T23:32:23.503+0000] {docker.py:438} INFO - Scraping box score: https://www.basketball-reference.com/boxscores/202410240WAS.html for game date 2024-10-24
[2024-10-28T23:32:23.503+0000] {docker.py:438} INFO - Scraping box score: https://www.basketball-reference.com/boxscores/202410240DAL.html for game date 2024-10-24
[2024-10-28T23:32:23.504+0000] {docker.py:438} INFO - Scraping box score: https://www.basketball-reference.com/boxscores/202410240SAC.html for game date 2024-10-24
[2024-10-28T23:32:23.504+0000] {docker.py:438} INFO - Scraping box score: https://www.basketball-reference.com/boxscores/202410240DEN.html for game date 2024-10-24
[2024-10-28T23:32:23.505+0000] {docker.py:438} INFO - Scraping box score: https://www.basketball-reference.com/boxscores/202410250ORL.html for game date 2024-10-25
[2024-10-28T23:32:23.505+0000] {docker.py:438} INFO - Scraping box score: https://www.basketball-reference.com/boxscores/202410250TOR.html for game date 2024-10-25
[2024-10-28T23:32:23.506+0000] {docker.py:438} INFO - Scraping box score: https://www.basketball-reference.com/boxscores/202410250ATL.html for game date 2024-10-25
[2024-10-28T23:32:23.506+0000] {docker.py:438} INFO - Scraping box score: https://www.basketball-reference.com/boxscores/202410250CLE.html for game date 2024-10-25
[2024-10-28T23:32:23.506+0000] {docker.py:438} INFO - Scraping box score: https://www.basketball-reference.com/boxscores/202410250NYK.html for game date 2024-10-25
[2024-10-28T23:32:23.507+0000] {docker.py:438} INFO - Scraping box score: https://www.basketball-reference.com/boxscores/202410250HOU.html for game date 2024-10-25
[2024-10-28T23:32:23.507+0000] {docker.py:438} INFO - Scraping box score: https://www.basketball-reference.com/boxscores/202410250MIL.html for game date 2024-10-25
[2024-10-28T23:32:23.508+0000] {docker.py:438} INFO - Scraping box score: https://www.basketball-reference.com/boxscores/202410250UTA.html for game date 2024-10-25
[2024-10-28T23:32:23.508+0000] {docker.py:438} INFO - Scraping box score: https://www.basketball-reference.com/boxscores/202410250LAL.html for game date 2024-10-25
[2024-10-28T23:32:23.508+0000] {docker.py:438} INFO - Scraping box score: https://www.basketball-reference.com/boxscores/202410250POR.html for game date 2024-10-25
[2024-10-28T23:32:23.509+0000] {docker.py:438} INFO - Skipping incomplete data for shaedon sharpe
[2024-10-28T23:32:23.509+0000] {docker.py:438} INFO - Skipping incomplete data for matisse thybulle
[2024-10-28T23:32:23.509+0000] {docker.py:438} INFO - Skipping incomplete data for robert williams
[2024-10-28T23:32:23.510+0000] {docker.py:438} INFO - Scraping box score: https://www.basketball-reference.com/boxscores/202410260DEN.html for game date 2024-10-26
[2024-10-28T23:32:23.510+0000] {docker.py:438} INFO - Scraping box score: https://www.basketball-reference.com/boxscores/202410260WAS.html for game date 2024-10-26
[2024-10-28T23:32:23.511+0000] {docker.py:438} INFO - Scraping box score: https://www.basketball-reference.com/boxscores/202410260DET.html for game date 2024-10-26
[2024-10-28T23:32:23.511+0000] {docker.py:438} INFO - Scraping box score: https://www.basketball-reference.com/boxscores/202410260CHO.html for game date 2024-10-26
[2024-10-28T23:32:23.511+0000] {docker.py:438} INFO - Skipping incomplete data for josh richardson
[2024-10-28T23:32:23.512+0000] {docker.py:438} INFO - Skipping incomplete data for kel'el ware
[2024-10-28T23:32:23.512+0000] {docker.py:438} INFO - Scraping box score: https://www.basketball-reference.com/boxscores/202410260MEM.html for game date 2024-10-26
[2024-10-28T23:32:23.512+0000] {docker.py:438} INFO - Scraping box score: https://www.basketball-reference.com/boxscores/202410260MIN.html for game date 2024-10-26
[2024-10-28T23:32:23.513+0000] {docker.py:438} INFO - Scraping box score: https://www.basketball-reference.com/boxscores/202410260CHI.html for game date 2024-10-26
[2024-10-28T23:32:23.513+0000] {docker.py:438} INFO - Scraping box score: https://www.basketball-reference.com/boxscores/202410260SAS.html for game date 2024-10-26
[2024-10-28T23:32:23.514+0000] {docker.py:438} INFO - Scraping box score: https://www.basketball-reference.com/boxscores/202410260PHO.html for game date 2024-10-26
[2024-10-28T23:32:23.514+0000] {docker.py:438} INFO - Scraping box score: https://www.basketball-reference.com/boxscores/202410260LAL.html for game date 2024-10-26
[2024-10-28T23:32:23.514+0000] {docker.py:438} INFO - Scraping box score: https://www.basketball-reference.com/boxscores/202410270IND.html for game date 2024-10-27
[2024-10-28T23:32:23.515+0000] {docker.py:438} INFO - Scraping box score: https://www.basketball-reference.com/boxscores/202410270POR.html for game date 2024-10-27
[2024-10-28T23:32:23.515+0000] {docker.py:438} INFO - Skipping incomplete data for shaedon sharpe
[2024-10-28T23:32:23.515+0000] {docker.py:438} INFO - Skipping incomplete data for matisse thybulle
[2024-10-28T23:32:23.516+0000] {docker.py:438} INFO - Skipping incomplete data for robert williams
[2024-10-28T23:32:23.516+0000] {docker.py:438} INFO - Scraping box score: https://www.basketball-reference.com/boxscores/202410270BRK.html for game date 2024-10-27
[2024-10-28T23:32:23.516+0000] {docker.py:438} INFO - Scraping box score: https://www.basketball-reference.com/boxscores/202410270OKC.html for game date 2024-10-27
[2024-10-28T23:32:23.517+0000] {docker.py:438} INFO - Scraping box score: https://www.basketball-reference.com/boxscores/202410270GSW.html for game date 2024-10-27
[2024-10-28T23:32:23.517+0000] {docker.py:438} INFO - File player_box_scores/2024-25/nba_player_stats_2024-25_2024-10-22_to_2024-10-31_2024-10-28_23-32-23.csv successfully uploaded to bucket nba-raw-data
[2024-10-28T23:32:23.517+0000] {docker.py:438} INFO - 2024-10-28 23:32:23,493 - INFO - Data successfully uploaded to MinIO bucket 'nba-raw-data' as 'player_box_scores/2024-25/nba_player_stats_2024-25_2024-10-22_to_2024-10-31_2024-10-28_23-32-23.csv'
[2024-10-28T23:32:23.779+0000] {taskinstance.py:340} INFO - ::group::Post task execution logs
[2024-10-28T23:32:23.780+0000] {taskinstance.py:352} INFO - Marking task as SUCCESS. dag_id=nba_data_pipeline, task_id=run_data_ingestion, run_id=scheduled__2024-10-27T00:00:00+00:00, execution_date=20241027T000000, start_date=20241028T232818, end_date=20241028T233223
[2024-10-28T23:32:23.838+0000] {local_task_job_runner.py:266} INFO - Task exited with return code 0
[2024-10-28T23:32:23.864+0000] {taskinstance.py:3900} INFO - 1 downstream tasks scheduled from follow-on schedule check
[2024-10-28T23:32:23.866+0000] {local_task_job_runner.py:245} INFO - ::endgroup::
